[backblue.gif]
[fade.gif]
[index.html]
[127.0.0.1/newswave/feed/index.html]
[127.0.0.1/newswave/comments/feed/index.html]
[127.0.0.1/newswave/xmlrpc0db0.php]
[127.0.0.1/newswave/wp-content/uploads/2023/08/cropped-wp_favicon-32x32-1-32x32.png]
[127.0.0.1/newswave/wp-content/uploads/2023/08/cropped-wp_favicon-32x32-1-192x192.png]
[127.0.0.1/newswave/wp-content/uploads/2023/08/cropped-wp_favicon-32x32-1-180x180.png]
[127.0.0.1/newswave/wp-content/themes/wavepress/images/icons/calendar.png]
[127.0.0.1/newswave/wp-content/themes/wavepress/images/icons/cart-shopping.png]
[127.0.0.1/newswave/wp-content/themes/wavepress/widgets/weather/img/mostlysunny_dark.png]
[127.0.0.1/newswave/wp-content/uploads/2023/08/logo-1.png]
[127.0.0.1/newswave/wp-content/uploads/2022/10/201465867.jpg]
[127.0.0.1/newswave/wp-content/uploads/2022/10/give_and_take.jpg]
[127.0.0.1/newswave/wp-content/uploads/2022/10/the_first_90_days.jpg]
[127.0.0.1/newswave/wp-content/uploads/2022/10/55004138.jpg]
[127.0.0.1/newswave/wp-content/uploads/2023/08/lala-azizli-Sx9LpOS-PTQ-unsplash.jpg]
[127.0.0.1/newswave/wp-content/uploads/2023/08/laura-adai-75CI-k7nwyk-unsplash-scaled-1.jpg]
[127.0.0.1/newswave/wp-content/uploads/2023/08/kristaps-ungurs-7czWFQfRwiY-unsplash-1.jpg]
[127.0.0.1/newswave/wp-content/uploads/2023/08/andrea-davis-SoRlz-tnWUM-unsplash.jpg]
[127.0.0.1/newswave/wp-content/uploads/2023/08/laura-adai-75CI-k7nwyk-unsplash-scaled-1-100x100.jpg]
[127.0.0.1/newswave/wp-content/uploads/2023/08/lala-azizli-Sx9LpOS-PTQ-unsplash-100x100.jpg]
[127.0.0.1/newswave/wp-content/uploads/2023/08/andrea-davis-SoRlz-tnWUM-unsplash-100x100.jpg]
[127.0.0.1/newswave/wp-content/uploads/2023/08/kristaps-ungurs-7czWFQfRwiY-unsplash-1-100x100.jpg]
[127.0.0.1/newswave/wp-content/uploads/2023/08/dm-david-okyAA-dghb0-unsplash-scaled-1.jpg]
[127.0.0.1/newswave/wp-content/uploads/2023/08/nati-melnychuk-W7vJGJt4KY8-unsplash-scaled-1.jpg]
[127.0.0.1/newswave/wp-content/uploads/2023/03/mountains-7846880_1280-29.jpg]
[127.0.0.1/newswave/wp-content/uploads/2023/08/joshua-sukoff-5DDYHjk_KMU-unsplash.jpg]
[127.0.0.1/newswave/wp-content/uploads/2023/03/coast-7840926_1280-29.jpg]
[127.0.0.1/newswave/wp-content/uploads/2023/02/pexels-jenny-uhling-140058871-31.jpg]
[img.youtube.com/vi/cTuBm4imTcE/hqdefault.jpg]
[img.youtube.com/vi/xFL9MGy557M/hqdefault.jpg]
[img.youtube.com/vi/inRD6vYBy8M/hqdefault.jpg]
[img.youtube.com/vi/iauq8LNr5zw/hqdefault.jpg]
[img.youtube.com/vi/2KU8AWuAaHE/hqdefault.jpg]
[127.0.0.1/newswave/wp-content/uploads/2023/08/starry-night-1093721_1280.jpg]
[127.0.0.1/newswave/wp-content/uploads/2023/08/gian-paolo-aliatis-EJSNrTzz6xk-unsplash.jpg]
[127.0.0.1/newswave/wp-content/uploads/2023/08/athens-g8c994a08a_1280.jpg]
[127.0.0.1/newswave/wp-content/uploads/2023/03/gimbal-stabilizer-g499d0a6a9_1920-29.jpg]
[127.0.0.1/newswave/wp-content/uploads/2023/02/jeremy-bishop-K74UfSpaPes-unsplash-scaled.jpg]
[127.0.0.1/newswave/wp-content/uploads/2023/08/katie-moum-o0kbc907i20-unsplash.jpg]
[127.0.0.1/newswave/wp-content/uploads/2023/08/lorenzo-hamers-bJh7WdRvcJ4-unsplash-scaled-1.jpg]
[127.0.0.1/newswave/wp-content/uploads/2023/03/arc-de-triomphe-g04821148f_1280-29.jpg]
[127.0.0.1/newswave/wp-content/uploads/2023/08/travis-HBvZwDdRa48-unsplash.jpg]
[127.0.0.1/newswave/wp-content/uploads/2023/03/strasbourg-g9c9441472_640-29.jpg]
[127.0.0.1/newswave/wp-content/uploads/2023/03/unihockey-gbcfae800b_1280-29.jpg]
[127.0.0.1/newswave/wp-content/uploads/2023/01/pexels-photo-842687-32.86.delayed]
[127.0.0.1/newswave/wp-content/themes/wavepress/images/gray.jpg]
[127.0.0.1/newswave/wp-content/uploads/2023/03/park-g590f01c1b_1280-29.jpg]
[127.0.0.1/newswave/wp-content/uploads/2020/08/tiago-ferreira-30BOPxcW1CA-unsplash-scaled.jpg]
[127.0.0.1/newswave/wp-content/uploads/2023/02/mathias-reding-JFr7tlKc3UM-unsplash-scaled.jpg]
[127.0.0.1/newswave/wp-content/uploads/2022/10/6076387.jpg]
[127.0.0.1/newswave/wp-content/uploads/2024/05/footer_backround-32.8f.delayed]
[127.0.0.1/newswave/wp-content/uploads/2023/03/trees-7847672_1280-29.jpg]
[127.0.0.1/newswave/wp-content/plugins/sassy-social-share/images/close.png]
[127.0.0.1/newswave/wp-content/plugins/sassy-social-share/images/logo.png]
[127.0.0.1/newswave/index.html]
[127.0.0.1/newswave/wp-json/index.html]
[gmpg.org/xfn/11.html]
[fonts.googleapis.com/css65d3.css]
[fonts.googleapis.com/cssb6c5.css]
[127.0.0.1/newswave/wp-admin/admin-ajax.html]
[127.0.0.1/newswave/wp-content/uploads/2023/08/cropped-wp_favicon-32x32-1-270x270.png]
[127.0.0.1/newswave/wp-login.html]
[127.0.0.1/newswave/activity/feed/index.html]
[127.0.0.1/newswave/register/index.html]
[127.0.0.1/newswave/product/sunglasses/feed/index.html]
[127.0.0.1/newswave/wp-content/uploads/avatars/1/1706812988-bpfull.jpg]
[127.0.0.1/newswave/wp-content/uploads/2022/10/give_and_take-265x300.jpg]
[127.0.0.1/newswave/wp-content/uploads/2022/10/the_first_90_days-300x300.jpg]
[127.0.0.1/newswave/wp-content/uploads/2022/10/success-263x300.jpg]
[127.0.0.1/newswave/wp-content/uploads/2022/10/55004138-300x300.jpg]
[127.0.0.1/newswave/product/sunglasses/index.html]
[127.0.0.1/newswave/product/sunglasses/_br/__b_Deprecated_/b__  ltrim()_ Passing null to parameter.html]
[127.0.0.1/newswave/wp-content/uploads/2022/10/201465867-300x300.jpg]
[127.0.0.1/newswave/product/cap/index.html]
[127.0.0.1/newswave/product/cap/_br/__b_Deprecated_/b__  ltrim()_ Passing null to parameter.html]
[127.0.0.1/newswave/product/cap/feed/index.html]
[127.0.0.1/newswave/wp-content/uploads/2022/10/55004138-600x904.jpg]
[127.0.0.1/newswave/product/beanie/index.html]
[127.0.0.1/newswave/product/beanie/_br/__b_Deprecated_/b__  ltrim()_ Passing null to parameter.html]
[127.0.0.1/newswave/wp-content/uploads/2022/10/jeremy-bishop-K74UfSpaPes-unsplash-scaled.jpg]
[127.0.0.1/newswave/category/tech/index.html]
[127.0.0.1/newswave/product/beanie/feed/index.html]
[127.0.0.1/newswave/category/culture/books/index.html]
[127.0.0.1/newswave/category/culture/index.html]
[assets.pinterest.com/js/pinmarklet2a3b.js]
[127.0.0.1/newspaper_test13/wp-content/uploads/2023/04/tower-g49851da29_1280-200x300.jpg]
[127.0.0.1/newspaper_test13/wp-content/uploads/2023/03/trees-7847672_1280-29-300x200.jpg]
[127.0.0.1/newswave/wp-content/uploads/2023/03/sunset-g777f21fb4_1280-29.jpg]
[127.0.0.1/newswave/category/tech/feed/index.html]
[127.0.0.1/newswave/tincidunt-ultrices-nunc-donec-semper-augue-ornare/index.html]
[127.0.0.1/newswave/wp-content/uploads/2023/01/meat-skewer-gd81d7cd24_1280-32.f9.delayed]
[127.0.0.1/newswave/category/culture/books/feed/index.html]
[127.0.0.1/newswave/wp-content/uploads/2023/01/soldier-gbfbef61d3_1280-31.jpg]
[127.0.0.1/newswave/author/admin/index.html]
[127.0.0.1/newswave/phasellus-aliquam-nec-lobortis-vel-diam-nibh-est/index.html]
[127.0.0.1/newswave/category/business/index.html]
[127.0.0.1/newswave/category/culture/feed/index.html]
[127.0.0.1/newswave/tincidunt-ultrices-nunc-donec-semper-augue-ornare/feed/index.html]
[127.0.0.1/newswave/enim-in-tellus-aliquet-amet-feugiat-sed-mi-turpis/index.html]
[127.0.0.1/newswave/author/admin/feed/index.html]
[127.0.0.1/newswave/laoreet-dis-vel-non-lorem-quis-tortor-tempus-vitae-sit-sit/index.html]
[127.0.0.1/newswave/category/lifestyle/food/index.html]
[127.0.0.1/newswave/products-grid/index.html]
[127.0.0.1/newswave/page/index.html]
[127.0.0.1/newswave/phasellus-aliquam-nec-lobortis-vel-diam-nibh-est/feed/index.html]
[127.0.0.1/newswave/category/business/feed/index.html]
[127.0.0.1/newswave/laoreet-dis-vel-non-lorem-quis-tortor-tempus-vitae-sit-sit/feed/index.html]
[127.0.0.1/newswave/wp-content/uploads/2023/02/bitcoin-g1e7b413e7_1280-31.jpg]
[127.0.0.1/newswave/page-2-2/index.html]
[127.0.0.1/newswave/enim-in-tellus-aliquet-amet-feugiat-sed-mi-turpis/feed/index.html]
[127.0.0.1/newswave/category/lifestyle/food/feed/index.html]
[127.0.0.1/newswave/shop/index.html]
[127.0.0.1/newswave/vestibulum-cursus-massa-dolor-quis-eleifend-lorem/index.html]
[127.0.0.1/newswave/aliquam-id-eu-eros-vestibulum-a-ipsum-magna/index.html]
[127.0.0.1/newswave/vestibulum-cursus-massa-dolor-quis-eleifend-lorem/feed/index.html]
[127.0.0.1/newswave/aliquam-id-eu-eros-vestibulum-a-ipsum-magna/feed/index.html]
[127.0.0.1/newswave/sed-dapibus-eros-sed-efficitur-suscipit-turpis-purus/index.html]
[127.0.0.1/newswave/sed-dapibus-eros-sed-efficitur-suscipit-turpis-purus/feed/index.html]
[127.0.0.1/newswave/wp-content/uploads/2023/08/rome-g0c78cb376_1280.jpg]
[127.0.0.1/newswave/category/politics/europe/index.html]
[127.0.0.1/newswave/category/politics/index.html]
[127.0.0.1/newswave/cursus-vestibulum-lacus-ut-cursus-viverra-consectetur-egestas-mi-erat-libero-posuere/index.html]
[127.0.0.1/newswave/category/politics/europe/feed/index.html]
[127.0.0.1/newswave/category/politics/feed/index.html]
[127.0.0.1/newswave/cursus-vestibulum-lacus-ut-cursus-viverra-consectetur-egestas-mi-erat-libero-posuere/feed/index.html]
[127.0.0.1/newswave/lorem-potenti-iaculis-congue-sed-sodales-turpis/index.html]
[127.0.0.1/newswave/category/politics/geopolitc/index.html]
[127.0.0.1/newswave/lorem-potenti-iaculis-congue-sed-sodales-turpis/feed/index.html]
[127.0.0.1/newswave/category/lifestyle/index.html]
[127.0.0.1/newswave/nisl-mi-orci-lectus-sodales-ultricies-amet-bibendum-lobortis-mi-facilisi-sed/index.html]
[127.0.0.1/newswave/category/politics/geopolitc/feed/index.html]
[127.0.0.1/newswave/category/lifestyle/feed/index.html]
[127.0.0.1/newswave/nisl-mi-orci-lectus-sodales-ultricies-amet-bibendum-lobortis-mi-facilisi-sed/feed/index.html]
[127.0.0.1/newswave/ut-viverra-nisl-vulputate-ipsum-ultrices-ultrices-neque-fermentum-maecenas-donec-auctor/index.html]
[127.0.0.1/newswave/ut-viverra-nisl-vulputate-ipsum-ultrices-ultrices-neque-fermentum-maecenas-donec-auctor/feed/index.html]
[127.0.0.1/newswave/suscipit-commodo-amet-feugiat-dictum-volutpat-vel-orci-tellus-enim-id-dignissim/feed/index.html]
[127.0.0.1/newswave/suscipit-commodo-amet-feugiat-dictum-volutpat-vel-orci-tellus-enim-id-dignissim/index.html]
[127.0.0.1/newswave/morbi-viverra-vel-lacus-volutpat-fermentum-integer-congue/feed/index.html]
[127.0.0.1/newswave/morbi-viverra-vel-lacus-volutpat-fermentum-integer-congue/index.html]
[127.0.0.1/newswave/diam-eu-pulvinar-nunc-volutpat-ullamcorper-imperdiet-eget-enim-mi-vitae/feed/index.html]
[127.0.0.1/newswave/diam-eu-pulvinar-nunc-volutpat-ullamcorper-imperdiet-eget-enim-mi-vitae/index.html]
[127.0.0.1/newswave/mattis-tristique-leo-vel-posuere-at/feed/index.html]
[127.0.0.1/newswave/mattis-tristique-leo-vel-posuere-at/index.html]
[127.0.0.1/newswave/duis-finibus-congue-est-et-porttitor-purus-mattis-id/feed/index.html]
[127.0.0.1/newswave/duis-finibus-congue-est-et-porttitor-purus-mattis-id/index.html]
[127.0.0.1/newswave/aliquam-in-odio-ultrices-libero-lacinia-sagittis-vel/index.html]
[127.0.0.1/newswave/aliquam-in-odio-ultrices-libero-lacinia-sagittis-vel/feed/index.html]
[127.0.0.1/newswave/aliquet-erat-condimentum/index.html]
[127.0.0.1/newswave/aliquet-erat-condimentum/feed/index.html]
[127.0.0.1/newswave/nulla-nec-sodales-nibh-tempus-aliquet-viverra-vitae-arcu-ultrices/index.html]
[127.0.0.1/newswave/nulla-nec-sodales-nibh-tempus-aliquet-viverra-vitae-arcu-ultrices/feed/index.html]
[127.0.0.1/newswave/pellentesque-elit-varius-fusce-faucibus-felis-in-tellus-rutrum-egestas/index.html]
[127.0.0.1/newswave/pellentesque-elit-varius-fusce-faucibus-felis-in-tellus-rutrum-egestas/feed/index.html]
[127.0.0.1/newswave/nulla-tellus-arcu-quam-sed-neque/feed/index.html]
[127.0.0.1/newswave/nulla-tellus-arcu-quam-sed-neque/index.html]
[127.0.0.1/newswave/category/science/engineering/index.html]
[127.0.0.1/newswave/category/science/index.html]
[127.0.0.1/newswave/massa-dictum-integer-eu-montes-vel-nisl-facilisis-adipiscing-in-sagittis/index.html]
[127.0.0.1/newswave/category/science/feed/index.html]
[127.0.0.1/newswave/category/science/engineering/feed/index.html]
[127.0.0.1/newswave/wp-content/uploads/2023/01/automobile-g6301ae87e_1280-32.jpg]
[127.0.0.1/newswave/massa-dictum-integer-eu-montes-vel-nisl-facilisis-adipiscing-in-sagittis/feed/index.html]
[127.0.0.1/newswave/wp-content/uploads/2023/01/food-gd66151d58_640-32.jpg]
[127.0.0.1/newswave/category/sport/index.html]
[127.0.0.1/newswave/category/sport/feed/index.html]
[127.0.0.1/newswave/orci-varius-natoque-penatibus-et-magnis/index.html]
[127.0.0.1/newswave/orci-varius-natoque-penatibus-et-magnis/feed/index.html]
[127.0.0.1/newswave/morbi-eget-maximus-arcu-eu-tincidunt-metus/feed/index.html]
[127.0.0.1/newswave/morbi-eget-maximus-arcu-eu-tincidunt-metus/index.html]
[127.0.0.1/newswave/suspendisse-tempor-facilisis-risus-a-gravida-risus-euismod/feed/index.html]
[127.0.0.1/newswave/suspendisse-tempor-facilisis-risus-a-gravida-risus-euismod/index.html]
[127.0.0.1/newswave/tag/fashion/index.html]
[127.0.0.1/newswave/tag/food/index.html]
[127.0.0.1/newswave/tag/games/index.html]
[127.0.0.1/newswave/tag/fashion/feed/index.html]
[127.0.0.1/newswave/tag/food/feed/index.html]
[127.0.0.1/newswave/tag/games/feed/index.html]
[127.0.0.1/newswave/tag/health/index.html]
[127.0.0.1/newswave/tag/movies/index.html]
[127.0.0.1/newswave/tag/health/feed/index.html]
[127.0.0.1/newswave/tag/movies/feed/index.html]
[127.0.0.1/newswave/tag/news/index.html]
[127.0.0.1/newswave/tag/news/feed/index.html]
[127.0.0.1/newswave/tag/science/index.html]
[127.0.0.1/newswave/tag/tech/index.html]
[127.0.0.1/newswave/tag/science/feed/index.html]
[127.0.0.1/newswave/tag/world/index.html]
[127.0.0.1/newswave/tag/tech/feed/index.html]
[127.0.0.1/newswave/tag/world/feed/index.html]
[127.0.0.1/newswave/faucibus-mi-vulputate-semper-magna-sed-amet-sed-pretium/feed/index.html]
[127.0.0.1/newswave/faucibus-mi-vulputate-semper-magna-sed-amet-sed-pretium/index.html]
[127.0.0.1/newswave/dsfqdf.html]
[127.0.0.1/newswave/gsdfsdf.html]
[127.0.0.1/newswave/gsqdfsdf.html]
[127.0.0.1/newswave/lacus-mi-sed-vitae-feugiat-purus/feed/index.html]
[127.0.0.1/newswave/lacus-mi-sed-vitae-feugiat-purus/index.html]
[127.0.0.1/newswave/wp-content/uploads/2022/10/49501-300x300.jpg]
[127.0.0.1/newswave/wp-content/uploads/2022/10/34964905-300x300.jpg]
[127.0.0.1/newswave/product/t-shirt/feed/index.html]
[127.0.0.1/newswave/wp-content/uploads/2022/10/161415-262x300.jpg]
[127.0.0.1/newswave/wp-content/uploads/2022/10/1061388-276x300.jpg]
[127.0.0.1/newswave/product/t-shirt/index.html]
[127.0.0.1/newswave/category/lifestyle/fashion/index.html]
[127.0.0.1/newswave/category/culture/film/index.html]
[127.0.0.1/newswave/category/lifestyle/health/index.html]
[127.0.0.1/newswave/category/business/market-finance/index.html]
[127.0.0.1/newswave/category/culture/music/index.html]
[127.0.0.1/newswave/category/nesciunt/index.html]
[127.0.0.1/newswave/category/lifestyle/fashion/feed/index.html]
[127.0.0.1/newswave/category/non/index.html]
[127.0.0.1/newswave/category/culture/film/feed/index.html]
[127.0.0.1/newswave/category/lifestyle/health/feed/index.html]
[127.0.0.1/newswave/category/perferendis/index.html]
[127.0.0.1/newswave/category/science/physics/index.html]
[127.0.0.1/newswave/category/business/market-finance/feed/index.html]
[127.0.0.1/newswave/category/quasi/index.html]
[127.0.0.1/newswave/category/culture/music/feed/index.html]
[127.0.0.1/newswave/category/non/feed/index.html]
[127.0.0.1/newswave/category/nesciunt/feed/index.html]
[127.0.0.1/newswave/category/qui/index.html]
[127.0.0.1/newswave/category/perferendis/feed/index.html]
[127.0.0.1/newswave/category/business/startups/index.html]
[127.0.0.1/newswave/category/science/physics/feed/index.html]
[127.0.0.1/newswave/category/quasi/feed/index.html]
[127.0.0.1/newswave/category/sport/tennis/index.html]
[127.0.0.1/newswave/category/qui/feed/index.html]
[127.0.0.1/newswave/category/business/startups/feed/index.html]
[127.0.0.1/newswave/category/sport/tennis/feed/index.html]
[127.0.0.1/newswave/wp-content/uploads/2023/03/bird-7844233_1280-29.jpg]
[127.0.0.1/newswave/wp-content/uploads/2023/01/announcement-g1fbd0a382_1280-31.jpg]
[127.0.0.1/newswave/category/culture/travel/feed/index.html]
[127.0.0.1/newswave/wp-content/uploads/2023/01/pexels-pixabay-76971-31.jpg]
[127.0.0.1/newswave/wp-content/uploads/2023/01/pexels-pixabay-53142-31.jpg]
[127.0.0.1/newswave/wp-content/uploads/2023/02/taj-mahal-ga983ca7e7_1280-31.jpg]
[127.0.0.1/newswave/category/culture/travel/index.html]
[127.0.0.1/newswave/wp-content/uploads/2023/02/pexels-lun-makara-13838605-31.jpg]
[127.0.0.1/newswave/wp-content/uploads/2023/01/home-ge845b8890_1280-32.jpg]
[127.0.0.1/newswave/category/uncategorised/index.html]
[127.0.0.1/newswave/category/unpublished/index.html]
[127.0.0.1/newswave/category/politics/world/index.html]
[127.0.0.1/newswave/est-dignissim-cras-tempus-suspendisse-eu-facilisis-vitae/index.html]
[127.0.0.1/newswave/wp-admin/admin-ajaxf809.html]
[127.0.0.1/newswave/category/uncategorised/feed/index.html]
[gmpg.org/xfn/.html]
[gmpg.org/xfn/intro.html]
[gmpg.org/xfn/faq.html]
[127.0.0.1/newswave/category/unpublished/feed/index.html]
[127.0.0.1/newswave/category/politics/world/feed/index.html]
[127.0.0.1/newswave/est-dignissim-cras-tempus-suspendisse-eu-facilisis-vitae/feed/index.html]
[127.0.0.1/newswave/account/lost-password/index.html]
[127.0.0.1/newswave/cart/index.html]
[127.0.0.1/feed/index.html]
[127.0.0.1/newswave/xmlrpc.php]
[127.0.0.1/newswave/wp-content/uploads/2023/01/pexels-lisa-fotios-1369476-32.jpg]
[127.0.0.1/newswave/home-2/index.html]
[127.0.0.1/newswave/wp-content/plugins/elementor/assets/images/placeholder.png]
[127.0.0.1/newswave/wp-content/uploads/2022/10/39072210-300x300.jpg]
[127.0.0.1/newswave/shop-2/feed/index.html]
[127.0.0.1/newswave/wp-content/uploads/2022/10/Built-to-Last-300x300.jpg]
[127.0.0.1/newswave/wp-content/uploads/2022/10/deep_work-300x300.jpg]
[127.0.0.1/newswave/wp-content/uploads/2022/10/Made-to-Stick-300x300.jpg]
[127.0.0.1/newswave/wp-content/uploads/2022/10/154924-296x300.jpg]
[127.0.0.1/newswave/wp-content/uploads/2022/10/Space-Opera.jpg]
[127.0.0.1/newswave/wp-content/uploads/2022/10/Thrive-265x300.jpg]
[127.0.0.1/newswave/shop-2/index.html]
[127.0.0.1/newswave/index3e52.html]
[127.0.0.1/newswave/product-category/clothing/accessories/index.html]
[127.0.0.1/newswave/product/sunglasses/indexb272.html]
[127.0.0.1/newswave/product/sunglasses/index5cbb.html]
[127.0.0.1/newswave/wp-content/uploads/2022/10/success.jpg]
[127.0.0.1/newswave/product/beanie-with-logo/index.html]
[127.0.0.1/newswave/product/sunglasses/index6af0.html]
[127.0.0.1/newswave/product-category/clothing/accessories/feed/index.html]
[127.0.0.1/newswave/product/sunglasses/index72a9.html]
[127.0.0.1/newswave/index7681.html]
[127.0.0.1/newswave/product/cap/index72a9.html]
[127.0.0.1/newswave/product/beanie-with-logo/feed/index.html]
[127.0.0.1/newswave/wp-content/themes/wavepress/widgets/weather/img/cloudy_dark.png]
[127.0.0.1/newswave/product/cap/index6af0.html]
[127.0.0.1/newswave/product/cap/index5cbb.html]
[127.0.0.1/newswave/product/belt/index.html]
[127.0.0.1/newswave/product/belt/feed/index.html]
[127.0.0.1/newswave/index994c.html]
[127.0.0.1/newswave/product/beanie/index5cbb.html]
[127.0.0.1/newswave/product/beanie/index6af0.html]
[127.0.0.1/newswave/product/beanie/indexb272.html]
[127.0.0.1/newswave/product/beanie/indexb5aa.html]
[127.0.0.1/newswave/odio-sit-at-eu-vel-consectetur/feed/index.html]
[127.0.0.1/newswave/odio-sit-at-eu-vel-consectetur/index.html]
[127.0.0.1/newswave/suspendisse-tristique-dui-lectus-at-ultricies-mi-rutrum-quis/feed/index.html]
[127.0.0.1/newswave/suspendisse-tristique-dui-lectus-at-ultricies-mi-rutrum-quis/index.html]
[127.0.0.1/newswave/nunc-ullamcorper-nunc-quam-vel-venenatis-orci-vehicula/feed/index.html]
[127.0.0.1/newswave/nunc-ullamcorper-nunc-quam-vel-venenatis-orci-vehicula/index.html]
[127.0.0.1/newswave/index9732.html]
[127.0.0.1/newswave/tincidunt-ultrices-nunc-donec-semper-augue-ornare/_wp_link_placeholder.html]
[127.0.0.1/newswave/habitant-tellus-aliquam-nec-proin-tempor-ut-tristique-enim-quis-suscipit-dui/feed/index.html]
[127.0.0.1/newswave/habitant-tellus-aliquam-nec-proin-tempor-ut-tristique-enim-quis-suscipit-dui/index.html]
[127.0.0.1/newswave/non-commodo-vestibulum-nisl-velit-justo-in-nec-dignissim-pharetra/index.html]
[127.0.0.1/newswave/elementum-mi-aliquam-congue-ut-id/index.html]
[127.0.0.1/newswave/elementum-mi-aliquam-congue-ut-id/feed/index.html]
[127.0.0.1/newswave/author/admin/page/2/index.html]
[127.0.0.1/newswave/author/admin/page/3/index.html]
[127.0.0.1/newswave/author/admin/page/4/index.html]
[127.0.0.1/newswave/index8b41.html]
[127.0.0.1/newswave/phasellus-aliquam-nec-lobortis-vel-diam-nibh-est/_wp_link_placeholder.html]
[127.0.0.1/newswave/index952b.html]
[127.0.0.1/newswave/enim-in-tellus-aliquet-amet-feugiat-sed-mi-turpis/_wp_link_placeholder.html]
[127.0.0.1/newswave/index45eb.html]
[127.0.0.1/newswave/laoreet-dis-vel-non-lorem-quis-tortor-tempus-vitae-sit-sit/_wp_link_placeholder.html]
[127.0.0.1/newswave/indexdc05.html]
[127.0.0.1/newswave/index4326.html]
[127.0.0.1/newswave/indexa748.html]
[127.0.0.1/newswave/non-commodo-vestibulum-nisl-velit-justo-in-nec-dignissim-pharetra/feed/index.html]
[127.0.0.1/newswave/aliquam-cras-mollis-proin-placerat-ornare-porttitor/feed/index.html]
[127.0.0.1/newswave/aliquam-cras-mollis-proin-placerat-ornare-porttitor/index.html]
[127.0.0.1/newswave/index905b.html]
[127.0.0.1/newswave/indexb8c4.html]
[127.0.0.1/newswave/index28c5.html]
[127.0.0.1/newswave/purus-pellentesque-pellentesque-vulputate-aug/index.html]
[127.0.0.1/newswave/index5070.html]
[127.0.0.1/newswave/sed-dapibus-eros-sed-efficitur-suscipit-turpis-purus/index360b.html]
[127.0.0.1/newswave/sed-dapibus-eros-sed-efficitur-suscipit-turpis-purus/index8528.html]
[127.0.0.1/newswave/purus-pellentesque-pellentesque-vulputate-aug/feed/index.html]
[127.0.0.1/newswave/sed-finibus-felis-morbi-sed-dui-vehicula/feed/index.html]
[127.0.0.1/newswave/sed-finibus-felis-morbi-sed-dui-vehicula/index.html]
[127.0.0.1/newswave/index8afa.html]
[127.0.0.1/newswave/cursus-vestibulum-lacus-ut-cursus-viverra-consectetur-egestas-mi-erat-libero-posuere/_wp_link_placeholder.html]
[127.0.0.1/newswave/cursus-vestibulum-lacus-ut-cursus-viverra-consectetur-egestas-mi-erat-libero-posuere/index745d.html]
[127.0.0.1/newswave/cursus-vestibulum-lacus-ut-cursus-viverra-consectetur-egestas-mi-erat-libero-posuere/indexfaf1.html]
[127.0.0.1/newswave/index3492.html]
[127.0.0.1/newswave/lorem-potenti-iaculis-congue-sed-sodales-turpis/_wp_link_placeholder.html]
[127.0.0.1/newswave/diam-massa-ornare-eget-augue-interdum-quis/feed/index.html]
[127.0.0.1/newswave/diam-massa-ornare-eget-augue-interdum-quis/index.html]
[127.0.0.1/newswave/category/lifestyle/beauty/index.html]
[127.0.0.1/newswave/indexcb44.html]
[127.0.0.1/newswave/nisl-mi-orci-lectus-sodales-ultricies-amet-bibendum-lobortis-mi-facilisi-sed/_wp_link_placeholder.html]
[127.0.0.1/newswave/index8df3.html]
[127.0.0.1/newswave/ut-viverra-nisl-vulputate-ipsum-ultrices-ultrices-neque-fermentum-maecenas-donec-auctor/_wp_link_placeholder.html]
[127.0.0.1/newswave/index881d.html]
[127.0.0.1/newswave/suscipit-commodo-amet-feugiat-dictum-volutpat-vel-orci-tellus-enim-id-dignissim/_wp_link_placeholder.html]
[127.0.0.1/newswave/index03aa.html]
[127.0.0.1/newswave/morbi-viverra-vel-lacus-volutpat-fermentum-integer-congue/_wp_link_placeholder.html]
[127.0.0.1/newswave/category/lifestyle/beauty/feed/index.html]
[127.0.0.1/newswave/curabitur-consequat-rhoncus-neque-non-auctor-ut-ac-felis-risus/feed/index.html]
[127.0.0.1/newswave/curabitur-consequat-rhoncus-neque-non-auctor-ut-ac-felis-risus/index.html]
[127.0.0.1/newswave/index7a6c.html]
[127.0.0.1/newswave/diam-eu-pulvinar-nunc-volutpat-ullamcorper-imperdiet-eget-enim-mi-vitae/_wp_link_placeholder.html]
[127.0.0.1/newswave/index762b.html]
[127.0.0.1/newswave/mattis-tristique-leo-vel-posuere-at/_wp_link_placeholder.html]
[127.0.0.1/newswave/index7737.html]
[127.0.0.1/newswave/duis-finibus-congue-est-et-porttitor-purus-mattis-id/index94a5.html]
[127.0.0.1/newswave/duis-finibus-congue-est-et-porttitor-purus-mattis-id/index6944.html]
[127.0.0.1/newswave/duis-finibus-congue-est-et-porttitor-purus-mattis-id/index1dff.html]
[127.0.0.1/newswave/duis-finibus-congue-est-et-porttitor-purus-mattis-id/indexa858.html]
[127.0.0.1/newswave/duis-finibus-congue-est-et-porttitor-purus-mattis-id/indexfa40.html]
[127.0.0.1/newswave/duis-finibus-congue-est-et-porttitor-purus-mattis-id/indexfc06.html]
[127.0.0.1/newswave/duis-finibus-congue-est-et-porttitor-purus-mattis-id/index04d3.html]
[127.0.0.1/newswave/index9751.html]
[127.0.0.1/newswave/index1c00.html]
[127.0.0.1/newswave/index0bc1.html]
[127.0.0.1/newswave/nulla-nec-sodales-nibh-tempus-aliquet-viverra-vitae-arcu-ultrices/_wp_link_placeholder.html]
[127.0.0.1/newswave/index59f6.html]
[127.0.0.1/newswave/pellentesque-elit-varius-fusce-faucibus-felis-in-tellus-rutrum-egestas/_wp_link_placeholder.html]
[127.0.0.1/newswave/indexc630.html]
[127.0.0.1/newswave/nulla-tellus-arcu-quam-sed-neque/_wp_link_placeholder.html]
[127.0.0.1/newswave/indexb4ea.html]
[127.0.0.1/newswave/fringilla-dapibus-neque-sed-malesuada/index.html]
[127.0.0.1/newswave/index905c.html]
[127.0.0.1/newswave/index4e02.html]
[127.0.0.1/newswave/morbi-eget-maximus-arcu-eu-tincidunt-metus/_wp_link_placeholder.html]
[127.0.0.1/newswave/index20df.html]
[127.0.0.1/newswave/suspendisse-tempor-facilisis-risus-a-gravida-risus-euismod/_wp_link_placeholder.html]
[127.0.0.1/newswave/tag/travel/index.html]
[127.0.0.1/newswave/fringilla-dapibus-neque-sed-malesuada/feed/index.html]
[127.0.0.1/newswave/indexb62e.html]
[127.0.0.1/newswave/faucibus-mi-vulputate-semper-magna-sed-amet-sed-pretium/_wp_link_placeholder.html]
[127.0.0.1/newswave/index53f0.html]
[127.0.0.1/newswave/lacus-mi-sed-vitae-feugiat-purus/_wp_link_placeholder.html]
[127.0.0.1/newswave/index70ff.html]
[127.0.0.1/newswave/product-category/clothing/tshirts/index.html]
[127.0.0.1/newswave/tag/travel/feed/index.html]
[127.0.0.1/newswave/product-category/clothing/tshirts/feed/index.html]
[127.0.0.1/newswave/wp-content/uploads/2022/10/49501.jpg]
[127.0.0.1/newswave/product/v-neck-t-shirt/index.html]
[127.0.0.1/newswave/wp-content/uploads/2022/10/34964905.jpg]
[127.0.0.1/newswave/wp-content/uploads/2022/10/34964905-600x913.jpg]
[127.0.0.1/newswave/product/t-shirt-with-logo/index.html]
[127.0.0.1/newswave/product/v-neck-t-shirt/feed/index.html]
[127.0.0.1/newswave/product/t-shirt/index19b9.html]
[127.0.0.1/newswave/wp-content/uploads/2022/10/161415.jpg]
[127.0.0.1/newswave/product/polo/index.html]
[127.0.0.1/newswave/product/t-shirt/index9c39.html]
[127.0.0.1/newswave/wp-content/uploads/2022/10/1061388.jpg]
[127.0.0.1/newswave/product/long-sleeve-tee/index.html]
[127.0.0.1/newswave/product/t-shirt-with-logo/feed/index.html]
[127.0.0.1/newswave/product/t-shirt/index2625.html]
[127.0.0.1/newswave/category/sport/basketball/index.html]
[127.0.0.1/newswave/metus-eu-tellus-bibendum-placerat-volutpat/index.html]
[127.0.0.1/newswave/product/polo/feed/index.html]
[127.0.0.1/newswave/platea-vulputate-tellus-et-faucibus-ullamcorper-nunc-risus-mauris-montes/index.html]
[127.0.0.1/newswave/product/long-sleeve-tee/feed/index.html]
[127.0.0.1/newswave/cras-imperdiet-faucibus-cursus-nisl-massa-dictum-neque-nunc-id-elit-ac/index.html]
[127.0.0.1/newswave/eu-lectus-turpis-eleifend-porta-nascetur-justo-elementum-quis/index.html]
[127.0.0.1/newswave/imperdiet-a-neque-porttitor-lobortis-magna-sed-in-vulputate/index.html]
[127.0.0.1/newswave/bibendum-duis-arcu-ut-tortor-ut-donec-neque/index.html]
[127.0.0.1/newswave/category/sport/basketball/feed/index.html]
[127.0.0.1/newswave/metus-eu-tellus-bibendum-placerat-volutpat/feed/index.html]
[127.0.0.1/newswave/platea-vulputate-tellus-et-faucibus-ullamcorper-nunc-risus-mauris-montes/feed/index.html]
[127.0.0.1/newswave/cras-imperdiet-faucibus-cursus-nisl-massa-dictum-neque-nunc-id-elit-ac/feed/index.html]
[127.0.0.1/newswave/et-imperdiet-nunc-sed-dui-sed-aliquet/index.html]
[127.0.0.1/newswave/imperdiet-a-neque-porttitor-lobortis-magna-sed-in-vulputate/feed/index.html]
[127.0.0.1/newswave/eu-lectus-turpis-eleifend-porta-nascetur-justo-elementum-quis/feed/index.html]
[127.0.0.1/newswave/bibendum-duis-arcu-ut-tortor-ut-donec-neque/feed/index.html]
[127.0.0.1/newswave/et-imperdiet-nunc-sed-dui-sed-aliquet/feed/index.html]
[127.0.0.1/newswave/semper-malesuada-viverra-dictum-id-lorem-ut-ornare-elementum-aliquam/feed/index.html]
[127.0.0.1/newswave/semper-malesuada-viverra-dictum-id-lorem-ut-ornare-elementum-aliquam/index.html]
[127.0.0.1/newswave/arcu-tincidunt-arcu-et-nullam-ullamcorper-in-scelerisque-a-id/feed/index.html]
[127.0.0.1/newswave/arcu-tincidunt-arcu-et-nullam-ullamcorper-in-scelerisque-a-id/index.html]
[127.0.0.1/newswave/indexf351.html]
[127.0.0.1/newswave/est-dignissim-cras-tempus-suspendisse-eu-facilisis-vitae/_wp_link_placeholder.html]
[127.0.0.1/newswave/wp-content/themes/wavepress/index0660.html]
[127.0.0.1/newswave/account/index.html]
[127.0.0.1/newswave/index13b6.html]
[127.0.0.1/newswave/index2207.html]
[127.0.0.1/newswave/index4181.html]
[127.0.0.1/newswave/wp-content/uploads/2022/10/39072210.jpg]
[127.0.0.1/newswave/product/wordpress-pennant/index.html]
[127.0.0.1/newswave/product/wordpress-pennant/feed/index.html]
[127.0.0.1/newswave/wp-content/uploads/2022/10/Built-to-Last.jpg]
[127.0.0.1/newswave/product/hoodie-with-logo/index.html]
[127.0.0.1/newswave/product/hoodie-with-logo/feed/index.html]
[127.0.0.1/newswave/shop-2/index6f92.html]
[127.0.0.1/newswave/shop-2/index2f68.html]
[127.0.0.1/newswave/shop-2/indexb272.html]
[127.0.0.1/newswave/shop-2/index72a9.html]
[127.0.0.1/newswave/wp-content/uploads/2022/10/Made-to-Stick.jpg]
[127.0.0.1/newswave/product/hoodie-with-zipper/feed/index.html]
[127.0.0.1/newswave/product/hoodie-with-zipper/index.html]
[127.0.0.1/newswave/shop-2/index7347.html]
[127.0.0.1/newswave/wp-content/uploads/2022/10/154924.jpg]
[127.0.0.1/newswave/product/single/index.html]
[127.0.0.1/newswave/product/single/feed/index.html]
[127.0.0.1/newswave/shop-2/index5ebd.html]
[127.0.0.1/newswave/shop-2/index9c39.html]
[127.0.0.1/newswave/product/logo-collection/index.html]
[127.0.0.1/newswave/product/logo-collection/feed/index.html]
[127.0.0.1/newswave/shop-2/index5cbb.html]
[127.0.0.1/newswave/shop-2/index6af0.html]
[127.0.0.1/newswave/shop-2/index2625.html]
[127.0.0.1/newswave/shop-2/index19b9.html]
[127.0.0.1/newswave/wp-content/uploads/2022/10/Thrive.198.delayed]
[127.0.0.1/newswave/product/hoodie/index.html]
[127.0.0.1/newswave/product/hoodie/feed/index.html]
[127.0.0.1/newswave/shop-2/page/2/index.html]
[127.0.0.1/newswave/product-category/clothing/accessories/indexb272.html]
[127.0.0.1/newswave/product-category/clothing/accessories/index72a9.html]
[127.0.0.1/newswave/product-category/clothing/accessories/index5cbb.html]
[127.0.0.1/newswave/product-category/clothing/accessories/index6af0.html]
[127.0.0.1/newswave/product-category/clothing/accessories/indexb5aa.html]
[127.0.0.1/newswave/card/index144a.html]
[127.0.0.1/newswave/card/index.html]
[127.0.0.1/newswave/checkout-2/index.html]
[127.0.0.1/newswave/card/indexedff.html]
[127.0.0.1/newswave/index2735.html]
[127.0.0.1/newswave/product/beanie-with-logo/indexb272.html]
[127.0.0.1/newswave/product/beanie-with-logo/index72a9.html]
[127.0.0.1/newswave/product/beanie-with-logo/indexb5aa.html]
[127.0.0.1/newswave/product/beanie-with-logo/index5cbb.html]
[127.0.0.1/newswave/card/index8cc9.html]
[127.0.0.1/newswave/card/index947b.html]
[127.0.0.1/newswave/index26b0.html]
[127.0.0.1/newswave/product/belt/indexb272.html]
[127.0.0.1/newswave/product/belt/index72a9.html]
[127.0.0.1/newswave/product/belt/indexb5aa.html]
[127.0.0.1/newswave/product/belt/index6af0.html]
[127.0.0.1/newswave/product/belt/_br/__b_Deprecated_/b__  ltrim()_ Passing null to parameter.html]
[127.0.0.1/newswave/card/index1c28.html]
[127.0.0.1/newswave/card/indexc2d6.html]
[127.0.0.1/newswave/phasellus-auctor-vestibulum-mauris/feed/index.html]
[127.0.0.1/newswave/phasellus-auctor-vestibulum-mauris/index.html]
[127.0.0.1/newswave/indexe467.html]
[127.0.0.1/newswave/odio-sit-at-eu-vel-consectetur/_wp_link_placeholder.html]
[127.0.0.1/newswave/index3eda.html]
[127.0.0.1/newswave/index0d13.html]
[127.0.0.1/newswave/nunc-ullamcorper-nunc-quam-vel-venenatis-orci-vehicula/_wp_link_placeholder.html]
[127.0.0.1/newswave/index630b.html]
[127.0.0.1/newswave/habitant-tellus-aliquam-nec-proin-tempor-ut-tristique-enim-quis-suscipit-dui/_wp_link_placeholder.html]
[127.0.0.1/newswave/mollis-sit-enim-fermentum-cum-purus-quis-scelerisque-ac/feed/index.html]
[127.0.0.1/newswave/mollis-sit-enim-fermentum-cum-purus-quis-scelerisque-ac/index.html]
[127.0.0.1/newswave/index0bc9.html]
[127.0.0.1/newswave/index6100.html]
[127.0.0.1/newswave/index7c58.html]
[127.0.0.1/newswave/aliquam-cras-mollis-proin-placerat-ornare-porttitor/_wp_link_placeholder.html]
[127.0.0.1/newswave/index86fa.html]
[127.0.0.1/newswave/indexd7d8.html]
[127.0.0.1/newswave/sed-finibus-felis-morbi-sed-dui-vehicula/_wp_link_placeholder.html]
[127.0.0.1/newswave/wp-content/uploads/buddypress/members/1/cover-image/67fa4d6fda9ea-bp-cover-image.png]
[127.0.0.1/newswave/members/admin/index.html]
[127.0.0.1/newswave/members/admin/activity/feed/index.html]
[127.0.0.1/newswave/index9646.html]
[127.0.0.1/newswave/diam-massa-ornare-eget-augue-interdum-quis/_wp_link_placeholder.html]
[127.0.0.1/newswave/indexe9c6.html]
[127.0.0.1/newswave/curabitur-consequat-rhoncus-neque-non-auctor-ut-ac-felis-risus/_wp_link_placeholder.html]
[127.0.0.1/newswave/index9c49.html]
[127.0.0.1/newswave/sem-et-tempus-finibus-mauris-leo-dictum-quam/index.html]
[127.0.0.1/newswave/sem-et-tempus-finibus-mauris-leo-dictum-quam/feed/index.html]
[127.0.0.1/newswave/product-category/clothing/tshirts/indexa6e9.html]
[127.0.0.1/newswave/product-category/clothing/tshirts/index9c39.html]
[127.0.0.1/newswave/product-category/clothing/tshirts/index2625.html]
[127.0.0.1/newswave/product-category/clothing/tshirts/index19b9.html]
[127.0.0.1/newswave/indexa317.html]
[127.0.0.1/newswave/product/v-neck-t-shirt/indexa6e9.html]
[127.0.0.1/newswave/product/v-neck-t-shirt/index19b9.html]
[127.0.0.1/newswave/product/v-neck-t-shirt/index2625.html]
[127.0.0.1/newswave/product/v-neck-t-shirt/index9c39.html]
[127.0.0.1/newswave/indexc7c9.html]
[127.0.0.1/newswave/product/t-shirt-with-logo/index9c39.html]
[127.0.0.1/newswave/product/t-shirt-with-logo/index2625.html]
[127.0.0.1/newswave/product/t-shirt-with-logo/indexa6e9.html]
[127.0.0.1/newswave/card/indexc746.html]
[127.0.0.1/newswave/indexb766.html]
[127.0.0.1/newswave/product/polo/index2625.html]
[127.0.0.1/newswave/card/indexfa0a.html]
[127.0.0.1/newswave/index327d.html]
[127.0.0.1/newswave/product/long-sleeve-tee/index9c39.html]
[127.0.0.1/newswave/product/long-sleeve-tee/indexa6e9.html]
[127.0.0.1/newswave/product/long-sleeve-tee/index19b9.html]
[127.0.0.1/newswave/card/index6598.html]
[127.0.0.1/newswave/indexa6f0.html]
[127.0.0.1/newswave/metus-eu-tellus-bibendum-placerat-volutpat/_wp_link_placeholder.html]
[127.0.0.1/newswave/index44d6.html]
[127.0.0.1/newswave/platea-vulputate-tellus-et-faucibus-ullamcorper-nunc-risus-mauris-montes/_wp_link_placeholder.html]
[127.0.0.1/newswave/index676b.html]
[127.0.0.1/newswave/cras-imperdiet-faucibus-cursus-nisl-massa-dictum-neque-nunc-id-elit-ac/_wp_link_placeholder.html]
[127.0.0.1/newswave/index4e88.html]
[127.0.0.1/newswave/index67b4.html]
[127.0.0.1/newswave/indexce54.html]
[127.0.0.1/newswave/bibendum-duis-arcu-ut-tortor-ut-donec-neque/_wp_link_placeholder.html]
[127.0.0.1/newswave/index09e5.html]
[127.0.0.1/newswave/et-imperdiet-nunc-sed-dui-sed-aliquet/_wp_link_placeholder.html]
[127.0.0.1/newswave/indexc0e8.html]
[127.0.0.1/newswave/semper-malesuada-viverra-dictum-id-lorem-ut-ornare-elementum-aliquam/_wp_link_placeholder.html]
[127.0.0.1/newswave/indexc547.html]
[127.0.0.1/newswave/arcu-tincidunt-arcu-et-nullam-ullamcorper-in-scelerisque-a-id/_wp_link_placeholder.html]
[127.0.0.1/newswave/shop-2/indexa6e9.html]
[127.0.0.1/newswave/indexc30e.html]
[127.0.0.1/newswave/card/index913c.html]
[127.0.0.1/newswave/product-category/decor/index.html]
[127.0.0.1/newswave/product-category/decor/feed/index.html]
[127.0.0.1/newswave/indexc17f.html]
[127.0.0.1/newswave/product-category/clothing/hoodies/index.html]
[127.0.0.1/newswave/product/hoodie-with-logo/index7347.html]
[127.0.0.1/newswave/product-category/clothing/hoodies/feed/index.html]
[127.0.0.1/newswave/card/index1df1.html]
[127.0.0.1/newswave/wp-content/uploads/2022/10/deep_work.1a6.delayed]
[127.0.0.1/newswave/product/album/index.html]
[127.0.0.1/newswave/product/album/feed/index.html]
[127.0.0.1/newswave/card/index1604.html]
[127.0.0.1/newswave/index9fb4.html]
[127.0.0.1/newswave/product/hoodie-with-zipper/index6f92.html]
[127.0.0.1/newswave/card/indexd62e.html]
[127.0.0.1/newswave/index4c5b.html]
[127.0.0.1/newswave/product-category/music/index.html]
[127.0.0.1/newswave/product/single/index2f68.html]
[127.0.0.1/newswave/product-category/music/feed/index.html]
[127.0.0.1/newswave/card/indexe5fd.html]
[127.0.0.1/newswave/indexc141.html]
[127.0.0.1/newswave/product-category/clothing/index.html]
[127.0.0.1/newswave/product-category/clothing/feed/index.html]
[127.0.0.1/newswave/index0314.html]
[127.0.0.1/newswave/product/hoodie/index6f92.html]
[127.0.0.1/newswave/product/hoodie/index7347.html]
[127.0.0.1/newswave/shop-2/page/2/indexb5aa.html]
[127.0.0.1/newswave/shop-2/page/1/index.html]
[127.0.0.1/newswave/indexc9ac.html]
[127.0.0.1/newswave/card/indexcd80.html]
[127.0.0.1/newswave/index504e.html]
[127.0.0.1/newswave/terms-and-conditions/index.html]
[127.0.0.1/newswave/product/sunglasses/indexaafe.html]
[127.0.0.1/newswave/card/index3ead.html]
[127.0.0.1/newswave/product/cap/indexb5aa.html]
[127.0.0.1/newswave/card/index9569.html]
[127.0.0.1/newswave/card/index453f.html]
[127.0.0.1/newswave/product/beanie/indexaafe.html]
[127.0.0.1/newswave/index1723.html]
[127.0.0.1/newswave/phasellus-auctor-vestibulum-mauris/_wp_link_placeholder.html]
[127.0.0.1/newswave/index1a78.html]
[127.0.0.1/newswave/indexfd6e.html]
[127.0.0.1/newswave/members/admin/activity/index.html]
[127.0.0.1/newswave/members/admin/profile/index.html]
[127.0.0.1/newswave/members/admin/activity/just-me/index.html]
[127.0.0.1/newswave/members/admin/activity/mentions/index.html]
[127.0.0.1/newswave/members/admin/activity/favorites/index.html]
[127.0.0.1/newswave/members/admin/activity/mentions/feed/index.html]
[127.0.0.1/newswave/indexd52d.html]
[127.0.0.1/newswave/card/index101f.html]
[127.0.0.1/newswave/card/index54b3.html]
[127.0.0.1/newswave/members/admin/activity/favorites/feed/index.html]
[127.0.0.1/newswave/product/polo/indexa6e9.html]
[127.0.0.1/newswave/card/indexe7f0.html]
[127.0.0.1/newswave/product/wordpress-pennant/indexaafe.html]
[127.0.0.1/newswave/card/index652a.html]
[127.0.0.1/newswave/product-category/clothing/hoodies/index7347.html]
[127.0.0.1/newswave/shop-2/indexaafe.html]
[127.0.0.1/newswave/index4b2e.html]
[127.0.0.1/newswave/product/album/index5ebd.html]
[127.0.0.1/newswave/card/index6c64.html]
[127.0.0.1/newswave/card/index84b3.html]
[127.0.0.1/newswave/card/index05ff.html]
[127.0.0.1/newswave/product-category/music/index2f68.html]
[127.0.0.1/newswave/product-category/music/index5ebd.html]
[127.0.0.1/newswave/card/index455a.html]
[127.0.0.1/newswave/card/indexfb5e.html]
[127.0.0.1/newswave/index93a0.html]
[127.0.0.1/newswave/suspendisse-tristique-dui-lectus-at-ultricies-mi-rutrum-quis/_wp_link_placeholder.html]
[127.0.0.1/newswave/mollis-sit-enim-fermentum-cum-purus-quis-scelerisque-ac/_wp_link_placeholder.html]
[127.0.0.1/newswave/members/admin/profile/public/index.html]
[127.0.0.1/newswave/product/t-shirt/indexaafe.html]
[127.0.0.1/newswave/product/polo/index19b9.html]
[127.0.0.1/newswave/product-category/clothing/hoodies/index6f92.html]
[127.0.0.1/newswave/shop-2/page/2/indexaafe.html]
[127.0.0.1/newswave/shop-2/page/1/indexaafe.html]
[127.0.0.1/newswave/wp-content/themes/wavepress/widgets/grid_1/css/frontend0660.css]
[127.0.0.1/newswave/wp-content/themes/wavepress/widgets/grid_1/css/gresponsive0660.css]
[img.youtube.com/vi/cTuBm4imTcE/hqdefault.jpg]
[img.youtube.com/vi/xFL9MGy557M/hqdefault.jpg]
[127.0.0.1/newswave/wp-content/themes/wavepress/widgets/grid_2/css/frontend0660.css]
[img.youtube.com/vi/inRD6vYBy8M/hqdefault.jpg]
[127.0.0.1/newswave/wp-content/themes/wavepress/widgets/grid_4/css/frontend0660.css]
[127.0.0.1/newswave/wp-content/themes/wavepress/widgets/grid_5/css/frontend0660.css]
[img.youtube.com/vi/iauq8LNr5zw/hqdefault.jpg]
[127.0.0.1/newswave/wp-content/themes/wavepress/widgets/grid_7/css/frontend0660.css]
[127.0.0.1/newswave/wp-content/themes/wavepress/widgets/grid_8/css/frontend0660.css]
[127.0.0.1/newswave/wp-content/themes/wavepress/widgets/social_links/css/frontend0660.css]
[127.0.0.1/newswave/wp-content/uploads/2023/01/pexels-photo-842687-32.jpg]
[127.0.0.1/newswave/wp-content/themes/wavepress/widgets/social_counters/css/frontend0660.css]
[127.0.0.1/newswave/wp-content/themes/wavepress/widgets/products_grid/css/frontend0660.css]
[127.0.0.1/newswave/wp-content/themes/wavepress/widgets/weather/css/frontend0660.css]
[127.0.0.1/newswave/wp-content/uploads/2024/05/footer_backround-32.jpg]
[127.0.0.1/newswave/wp-content/themes/wavepress/widgets/categories/css/frontend0660.css]
[127.0.0.1/newswave/wp-content/themes/wavepress/widgets/tags/css/frontend0660.css]
[127.0.0.1/newswave/wp-json/index.html]
[127.0.0.1/newswave/wp-content/themes/wavepress/widgets/infinite_scroll/css/frontend0660.css]
[127.0.0.1/newswave/wp-content/themes/wavepress/widgets/popular_posts/css/frontend0660.css]
[127.0.0.1/newswave/activity/feed/index.html]
[127.0.0.1/newswave/wp-content/themes/wavepress/widgets/latest_posts/css/frontend0660.css]
[127.0.0.1/newswave/product/sunglasses/feed/index.html]
[127.0.0.1/newswave/wp-content/themes/wavepress/widgets/Video_grid/css/frontend0660.html]
[127.0.0.1/newswave/wp-content/themes/wavepress/widgets/Video_grid/css/gresponsive0660.html]
[127.0.0.1/newswave/wp-content/themes/wavepress/widgets/video_grid2/css/frontend0660.css]
[127.0.0.1/newswave/wp-content/themes/wavepress/widgets/youtube_video/css/frontend0660.css]
[127.0.0.1/newswave/product/cap/feed/index.html]
[127.0.0.1/newswave/product/beanie/feed/index.html]
[127.0.0.1/newswave/category/tech/feed/index.html]
[127.0.0.1/newswave/category/culture/books/feed/index.html]
[127.0.0.1/newswave/category/culture/feed/index.html]
[127.0.0.1/newswave/wp-content/themes/wavepress/widgets/youtube_video/css/gresponsive0660.css]
[127.0.0.1/newswave/tincidunt-ultrices-nunc-donec-semper-augue-ornare/feed/index.html]
[127.0.0.1/newswave/wp-content/themes/wavepress/widgets/youtube_playlist/css/frontend0660.css]
[assets.pinterest.com/js/pinmarklet2a3b.js]
[127.0.0.1/newswave/author/admin/feed/index.html]
[127.0.0.1/newswave/wp-content/themes/wavepress/widgets/youtube_playlist/css/gresponsive0660.css]
[127.0.0.1/newswave/wp-content/uploads/2023/01/meat-skewer-gd81d7cd24_1280-32.jpg]
[127.0.0.1/newswave/wp-content/plugins/woocommerce/assets/css/woocommerce-layout055d.css]
[127.0.0.1/newswave/wp-content/plugins/woocommerce/assets/css/woocommerce-smallscreen055d.css]
[127.0.0.1/newswave/phasellus-aliquam-nec-lobortis-vel-diam-nibh-est/feed/index.html]
[127.0.0.1/newswave/category/business/feed/index.html]
[127.0.0.1/newswave/enim-in-tellus-aliquet-amet-feugiat-sed-mi-turpis/feed/index.html]
[127.0.0.1/newswave/laoreet-dis-vel-non-lorem-quis-tortor-tempus-vitae-sit-sit/feed/index.html]
[127.0.0.1/newswave/category/lifestyle/food/feed/index.html]
[127.0.0.1/newswave/wp-content/plugins/woocommerce/assets/css/woocommerce055d.css]
[127.0.0.1/newswave/vestibulum-cursus-massa-dolor-quis-eleifend-lorem/feed/index.html]
[127.0.0.1/newswave/aliquam-id-eu-eros-vestibulum-a-ipsum-magna/feed/index.html]
[127.0.0.1/newswave/sed-dapibus-eros-sed-efficitur-suscipit-turpis-purus/feed/index.html]
[127.0.0.1/newswave/wp-content/uploads/maxmegamenu/style8877.css]
[127.0.0.1/newswave/category/politics/feed/index.html]
[127.0.0.1/newswave/category/politics/europe/feed/index.html]
[127.0.0.1/newswave/wp-includes/css/dashicons.min0660.css]
[127.0.0.1/newswave/cursus-vestibulum-lacus-ut-cursus-viverra-consectetur-egestas-mi-erat-libero-posuere/feed/index.html]
[127.0.0.1/newswave/wp-content/themes/wavepress/images/top.png]
[127.0.0.1/newswave/lorem-potenti-iaculis-congue-sed-sodales-turpis/feed/index.html]
[127.0.0.1/newswave/category/politics/geopolitc/feed/index.html]
[127.0.0.1/newswave/category/lifestyle/feed/index.html]
[127.0.0.1/newswave/wp-content/themes/wavepress/style0660.css]
[127.0.0.1/newswave/nisl-mi-orci-lectus-sodales-ultricies-amet-bibendum-lobortis-mi-facilisi-sed/feed/index.html]
[127.0.0.1/newswave/wp-content/themes/wavepress-child/style8a54.css]
[127.0.0.1/newswave/wp-content/themes/wavepress/style.min0660.css]
[127.0.0.1/newswave/ut-viverra-nisl-vulputate-ipsum-ultrices-ultrices-neque-fermentum-maecenas-donec-auctor/feed/index.html]
[127.0.0.1/newswave/wp-content/themes/wavepress/css/bootstrap.min0660.css]
[127.0.0.1/newswave/suscipit-commodo-amet-feugiat-dictum-volutpat-vel-orci-tellus-enim-id-dignissim/feed/index.html]
[127.0.0.1/newswave/morbi-viverra-vel-lacus-volutpat-fermentum-integer-congue/feed/index.html]
[127.0.0.1/newswave/diam-eu-pulvinar-nunc-volutpat-ullamcorper-imperdiet-eget-enim-mi-vitae/feed/index.html]
[127.0.0.1/newswave/mattis-tristique-leo-vel-posuere-at/feed/index.html]
[127.0.0.1/newswave/wp-content/themes/wavepress/css/styles0660.css]
[127.0.0.1/newswave/duis-finibus-congue-est-et-porttitor-purus-mattis-id/feed/index.html]
[127.0.0.1/newswave/aliquam-in-odio-ultrices-libero-lacinia-sagittis-vel/feed/index.html]
[127.0.0.1/newswave/aliquet-erat-condimentum/feed/index.html]
[127.0.0.1/newswave/nulla-nec-sodales-nibh-tempus-aliquet-viverra-vitae-arcu-ultrices/feed/index.html]
[127.0.0.1/newswave/pellentesque-elit-varius-fusce-faucibus-felis-in-tellus-rutrum-egestas/feed/index.html]
[127.0.0.1/newswave/nulla-tellus-arcu-quam-sed-neque/feed/index.html]
[127.0.0.1/newswave/category/science/engineering/feed/index.html]
[127.0.0.1/newswave/category/science/feed/index.html]
[127.0.0.1/newswave/massa-dictum-integer-eu-montes-vel-nisl-facilisis-adipiscing-in-sagittis/feed/index.html]
[127.0.0.1/newswave/wp-content/themes/wavepress/css/owl_carousel/owl.carousel.min0660.css]
[127.0.0.1/newswave/category/sport/feed/index.html]
[127.0.0.1/newswave/wp-content/themes/wavepress/css/owl_carousel/owl.theme.default.min0660.css]
[127.0.0.1/newswave/orci-varius-natoque-penatibus-et-magnis/feed/index.html]
[127.0.0.1/newswave/morbi-eget-maximus-arcu-eu-tincidunt-metus/feed/index.html]
[127.0.0.1/newswave/wp-content/themes/wavepress/css/gflex/gflex.min0660.css]
[127.0.0.1/newswave/suspendisse-tempor-facilisis-risus-a-gravida-risus-euismod/feed/index.html]
[127.0.0.1/newswave/wp-content/themes/wavepress/css/jquery.feedBackBox0660.css]
[127.0.0.1/newswave/tag/fashion/feed/index.html]
[127.0.0.1/newswave/tag/food/feed/index.html]
[127.0.0.1/newswave/tag/games/feed/index.html]
[127.0.0.1/newswave/tag/health/feed/index.html]
[127.0.0.1/newswave/tag/movies/feed/index.html]
[127.0.0.1/newswave/tag/news/feed/index.html]
[127.0.0.1/newswave/tag/science/feed/index.html]
[127.0.0.1/newswave/tag/tech/feed/index.html]
[127.0.0.1/newswave/tag/world/feed/index.html]
[127.0.0.1/newswave/faucibus-mi-vulputate-semper-magna-sed-amet-sed-pretium/feed/index.html]
[127.0.0.1/newswave/product/t-shirt/feed/index.html]
[127.0.0.1/newswave/lacus-mi-sed-vitae-feugiat-purus/feed/index.html]
[127.0.0.1/newswave/category/lifestyle/fashion/feed/index.html]
[127.0.0.1/newswave/category/lifestyle/health/feed/index.html]
[127.0.0.1/newswave/category/culture/film/feed/index.html]
[127.0.0.1/newswave/category/business/market-finance/feed/index.html]
[127.0.0.1/newswave/category/culture/music/feed/index.html]
[127.0.0.1/newswave/category/nesciunt/feed/index.html]
[127.0.0.1/newswave/category/non/feed/index.html]
[127.0.0.1/newswave/wp-content/themes/wavepress/css/font-awesome/6.5.1/css/all.min0660.css]
[127.0.0.1/newswave/category/quasi/feed/index.html]
[127.0.0.1/newswave/category/perferendis/feed/index.html]
[127.0.0.1/newswave/category/science/physics/feed/index.html]
[127.0.0.1/newswave/category/business/startups/feed/index.html]
[127.0.0.1/newswave/wp-content/plugins/sassy-social-share/images/transparent_bg.png]
[127.0.0.1/newswave/category/qui/feed/index.html]
[127.0.0.1/newswave/category/sport/tennis/feed/index.html]
[127.0.0.1/newswave/wp-content/plugins/sassy-social-share/public/css/sassy-social-share-public0110.css]
[127.0.0.1/newswave/category/culture/travel/feed/index.html]
[127.0.0.1/newswave/category/uncategorised/feed/index.html]
[127.0.0.1/newswave/category/unpublished/feed/index.html]
[127.0.0.1/newswave/wp-content/plugins/elementor/assets/lib/eicons/css/elementor-icons.min7f15.css]
[127.0.0.1/newswave/est-dignissim-cras-tempus-suspendisse-eu-facilisis-vitae/feed/index.html]
[127.0.0.1/newswave/wp-content/plugins/elementor/assets/css/frontend.min5be5.css]
[127.0.0.1/newswave/category/politics/world/feed/index.html]
[127.0.0.1/newswave/shop-2/feed/index.html]
[127.0.0.1/newswave/wp-content/uploads/elementor/css/post-26014dde.css]
[127.0.0.1/newswave/wp-content/themes/wavepress/widgets/slideshow_2/css/frontend0660.css]
[127.0.0.1/newswave/wp-content/themes/wavepress/widgets/slideshow/css/frontend0660.css]
[127.0.0.1/newswave/wp-content/plugins/elementor/assets/lib/animations/styles/fadeIn.min5be5.css]
[127.0.0.1/newswave/wp-content/themes/wavepress/widgets/carousel_1/css/frontend0660.css]
[127.0.0.1/newswave/wp-content/themes/wavepress/widgets/carousel_2/css/frontend0660.css]
[127.0.0.1/newswave/product/beanie-with-logo/feed/index.html]
[127.0.0.1/newswave/product-category/clothing/accessories/feed/index.html]
[127.0.0.1/newswave/product/belt/feed/index.html]
[127.0.0.1/newswave/wp-content/uploads/elementor/css/post-26034dde.css]
[127.0.0.1/newswave/habitant-tellus-aliquam-nec-proin-tempor-ut-tristique-enim-quis-suscipit-dui/feed/index.html]
[127.0.0.1/newswave/wp-content/themes/wavepress/widgets/grid_1/js/frontend0660.js]
[127.0.0.1/newswave/odio-sit-at-eu-vel-consectetur/feed/index.html]
[127.0.0.1/newswave/nunc-ullamcorper-nunc-quam-vel-venenatis-orci-vehicula/feed/index.html]
[127.0.0.1/newswave/suspendisse-tristique-dui-lectus-at-ultricies-mi-rutrum-quis/feed/index.html]
[127.0.0.1/newswave/wp-content/themes/wavepress/widgets/grid_2/js/frontend0660.js]
[127.0.0.1/newswave/non-commodo-vestibulum-nisl-velit-justo-in-nec-dignissim-pharetra/feed/index.html]
[127.0.0.1/newswave/wp-content/themes/wavepress/widgets/grid_4/js/frontend0660.js]
[127.0.0.1/newswave/elementum-mi-aliquam-congue-ut-id/feed/index.html]
[127.0.0.1/newswave/aliquam-cras-mollis-proin-placerat-ornare-porttitor/feed/index.html]
[127.0.0.1/newswave/purus-pellentesque-pellentesque-vulputate-aug/feed/index.html]
[127.0.0.1/newswave/wp-content/themes/wavepress/widgets/grid_5/js/frontend0660.js]
[127.0.0.1/newswave/sed-finibus-felis-morbi-sed-dui-vehicula/feed/index.html]
[127.0.0.1/newswave/wp-content/themes/wavepress/widgets/grid_7/js/frontend0660.js]
[127.0.0.1/newswave/diam-massa-ornare-eget-augue-interdum-quis/feed/index.html]
[127.0.0.1/newswave/curabitur-consequat-rhoncus-neque-non-auctor-ut-ac-felis-risus/feed/index.html]
[127.0.0.1/newswave/category/lifestyle/beauty/feed/index.html]
[127.0.0.1/newswave/fringilla-dapibus-neque-sed-malesuada/feed/index.html]
[127.0.0.1/newswave/wp-content/themes/wavepress/widgets/grid_8/js/frontend0660.js]
[127.0.0.1/newswave/product/v-neck-t-shirt/feed/index.html]
[127.0.0.1/newswave/wp-content/themes/wavepress/widgets/social_links/js/frontend0660.js]
[127.0.0.1/newswave/tag/travel/feed/index.html]
[127.0.0.1/newswave/product-category/clothing/tshirts/feed/index.html]
[127.0.0.1/newswave/product/t-shirt-with-logo/feed/index.html]
[127.0.0.1/newswave/wp-content/themes/wavepress/widgets/products_grid/js/frontend0660.js]
[127.0.0.1/newswave/product/polo/feed/index.html]
[127.0.0.1/newswave/product/long-sleeve-tee/feed/index.html]
[127.0.0.1/newswave/wp-content/themes/wavepress/widgets/weather/js/frontend0660.js]
[127.0.0.1/newswave/wp-content/themes/wavepress/widgets/categories/js/frontend0660.js]
[127.0.0.1/newswave/category/sport/basketball/feed/index.html]
[127.0.0.1/newswave/metus-eu-tellus-bibendum-placerat-volutpat/feed/index.html]
[127.0.0.1/newswave/platea-vulputate-tellus-et-faucibus-ullamcorper-nunc-risus-mauris-montes/feed/index.html]
[127.0.0.1/newswave/cras-imperdiet-faucibus-cursus-nisl-massa-dictum-neque-nunc-id-elit-ac/feed/index.html]
[127.0.0.1/newswave/wp-content/themes/wavepress/widgets/tags/js/frontend0660.js]
[127.0.0.1/newswave/bibendum-duis-arcu-ut-tortor-ut-donec-neque/feed/index.html]
[127.0.0.1/newswave/wp-content/themes/wavepress/widgets/infinite_scroll/js/frontend0660.js]
[127.0.0.1/newswave/et-imperdiet-nunc-sed-dui-sed-aliquet/feed/index.html]
[127.0.0.1/newswave/eu-lectus-turpis-eleifend-porta-nascetur-justo-elementum-quis/feed/index.html]
[127.0.0.1/newswave/imperdiet-a-neque-porttitor-lobortis-magna-sed-in-vulputate/feed/index.html]
[127.0.0.1/newswave/wp-content/themes/wavepress/widgets/popular_posts/js/frontend0660.js]
[127.0.0.1/newswave/semper-malesuada-viverra-dictum-id-lorem-ut-ornare-elementum-aliquam/feed/index.html]
[127.0.0.1/newswave/arcu-tincidunt-arcu-et-nullam-ullamcorper-in-scelerisque-a-id/feed/index.html]
[127.0.0.1/newswave/product/wordpress-pennant/feed/index.html]
[127.0.0.1/newswave/wp-content/themes/wavepress/widgets/latest_posts/js/frontend0660.js]
[127.0.0.1/newswave/product/hoodie-with-logo/feed/index.html]
[127.0.0.1/newswave/product/hoodie-with-zipper/feed/index.html]
[127.0.0.1/newswave/wp-content/themes/wavepress/widgets/video_grid2/js/frontend0660.js]
[127.0.0.1/newswave/product/single/feed/index.html]
[127.0.0.1/newswave/wp-content/uploads/2022/10/Thrive.jpg]
[127.0.0.1/newswave/product/logo-collection/feed/index.html]
[127.0.0.1/newswave/product/hoodie/feed/index.html]
[127.0.0.1/newswave/wp-content/themes/wavepress/widgets/youtube_video/js/frontend0660.js]
[127.0.0.1/newswave/wp-includes/js/jquery/jquery.minf43b.js]
[127.0.0.1/newswave/mollis-sit-enim-fermentum-cum-purus-quis-scelerisque-ac/feed/index.html]
[127.0.0.1/newswave/phasellus-auctor-vestibulum-mauris/feed/index.html]
[127.0.0.1/newswave/members/admin/activity/feed/index.html]
[127.0.0.1/newswave/wp-includes/js/jquery/jquery-migrate.min5589.js]
[127.0.0.1/newswave/sem-et-tempus-finibus-mauris-leo-dictum-quam/feed/index.html]
[127.0.0.1/newswave/wp-content/plugins/woocommerce/assets/js/jquery-blockui/jquery.blockUI.minfa12.js]
[127.0.0.1/newswave/product/album/feed/index.html]
[127.0.0.1/newswave/product-category/decor/feed/index.html]
[127.0.0.1/newswave/product-category/clothing/hoodies/feed/index.html]
[127.0.0.1/newswave/wp-content/uploads/2022/10/deep_work.jpg]
[127.0.0.1/newswave/wp-content/plugins/woocommerce/assets/js/frontend/add-to-cart.min055d.js]
[127.0.0.1/newswave/product-category/music/feed/index.html]
[127.0.0.1/newswave/product-category/clothing/feed/index.html]
[127.0.0.1/newswave/members/admin/activity/mentions/feed/index.html]
[127.0.0.1/newswave/wp-content/plugins/woocommerce/assets/js/js-cookie/js.cookie.min706b.js]
[127.0.0.1/newswave/members/admin/activity/favorites/feed/index.html]
[127.0.0.1/newswave/wp-content/plugins/woocommerce/assets/js/frontend/woocommerce.min055d.js]
[127.0.0.1/newswave/wp-content/themes/wavepress/js/jquery.hoverdir0660.js]
[127.0.0.1/newswave/wp-content/themes/wavepress/js/popper.min0660.js]
[127.0.0.1/newswave/wp-content/themes/wavepress/js/wavepress_common0660.js]
[127.0.0.1/newswave/wp-content/themes/wavepress/js/bootstrap.min0660.js]
[127.0.0.1/newswave/wp-content/themes/wavepress/js/jquery.scrollUp.min0660.js]
[127.0.0.1/newswave/wp-content/themes/wavepress/js/owl_carousel/owl.carousel0660.js]
[127.0.0.1/newswave/wp-content/themes/wavepress/js/acmeticker.min0660.js]
[127.0.0.1/newswave/wp-content/themes/wavepress/js/wavepress_js0660.js]
[127.0.0.1/newswave/wp-content/themes/wavepress/js/live_styling0660.js]
[127.0.0.1/newswave/wp-content/themes/wavepress/widgets/slideshow_2/js/frontend0660.js]
[127.0.0.1/newswave/wp-admin/admin-ajax.html]
[127.0.0.1/newswave/wp-content/themes/wavepress/css/styles.html]
[127.0.0.1/newswave/home-2/index.html]
[127.0.0.1/newswave/product/sunglasses/_br/__b_Deprecated_/b__  ltrim()_ Passing null to parameter.html]
[127.0.0.1/newswave/product/cap/_br/__b_Deprecated_/b__  ltrim()_ Passing null to parameter.html]
[127.0.0.1/newswave/product/beanie/_br/__b_Deprecated_/b__  ltrim()_ Passing null to parameter.html]
[127.0.0.1/newswave/author/admin/index.html]
[127.0.0.1/newswave/category/business/index.html]
[127.0.0.1/newswave/laoreet-dis-vel-non-lorem-quis-tortor-tempus-vitae-sit-sit/index.html]
[127.0.0.1/newswave/category/lifestyle/food/index.html]
[127.0.0.1/newswave/page/index.html]
[127.0.0.1/newswave/aliquam-id-eu-eros-vestibulum-a-ipsum-magna/index.html]
[127.0.0.1/newswave/category/politics/europe/index.html]
[127.0.0.1/newswave/lorem-potenti-iaculis-congue-sed-sodales-turpis/index.html]
[127.0.0.1/newswave/category/politics/geopolitc/index.html]
[127.0.0.1/newswave/category/lifestyle/beauty/index.html]
[127.0.0.1/newswave/ut-viverra-nisl-vulputate-ipsum-ultrices-ultrices-neque-fermentum-maecenas-donec-auctor/index.html]
[127.0.0.1/newswave/suscipit-commodo-amet-feugiat-dictum-volutpat-vel-orci-tellus-enim-id-dignissim/index.html]
[127.0.0.1/newswave/morbi-viverra-vel-lacus-volutpat-fermentum-integer-congue/index.html]
[127.0.0.1/newswave/curabitur-consequat-rhoncus-neque-non-auctor-ut-ac-felis-risus/index.html]
[127.0.0.1/newswave/mattis-tristique-leo-vel-posuere-at/index.html]
[127.0.0.1/newswave/aliquet-erat-condimentum/index.html]
[127.0.0.1/newswave/nulla-nec-sodales-nibh-tempus-aliquet-viverra-vitae-arcu-ultrices/index.html]
[127.0.0.1/newswave/pellentesque-elit-varius-fusce-faucibus-felis-in-tellus-rutrum-egestas/index.html]
[127.0.0.1/newswave/nulla-tellus-arcu-quam-sed-neque/index.html]
[127.0.0.1/newswave/category/science/engineering/index.html]
[127.0.0.1/newswave/category/sport/index.html]
[127.0.0.1/newswave/suspendisse-tempor-facilisis-risus-a-gravida-risus-euismod/index.html]
[127.0.0.1/newswave/dsfqdf.html]
[127.0.0.1/newswave/wp-content/plugins/woocommerce/assets/client/blocks/wc-blocks8fea.css]
[127.0.0.1/newswave/wp-content/plugins/woocommerce/assets/js/sourcebuster/sourcebuster.min055d.js]
[127.0.0.1/newswave/wp-content/plugins/woocommerce/assets/js/frontend/order-attribution.min055d.js]
[127.0.0.1/newswave/wp-includes/js/dist/vendor/react.mincb06.js]
[127.0.0.1/newswave/wp-includes/js/dist/vendor/react-jsx-runtime.mincb06.js]
[127.0.0.1/newswave/wp-includes/js/dist/hooks.min2757.js]
[127.0.0.1/newswave/wp-includes/js/dist/deprecated.min0a8b.js]
[127.0.0.1/newswave/wp-includes/js/dist/dom.mindad4.js]
[127.0.0.1/newswave/wp-includes/js/dist/vendor/react-dom.mincb06.js]
[127.0.0.1/newswave/wp-includes/js/dist/escape-html.min3a9d.js]
[127.0.0.1/newswave/wp-includes/js/dist/element.min1596.js]
[127.0.0.1/newswave/wp-includes/js/dist/is-shallow-equal.mincb09.js]
[127.0.0.1/newswave/wp-includes/js/dist/i18n.minc33c.js]
[127.0.0.1/newswave/wp-includes/js/dist/keycodes.min8cc0.js]
[127.0.0.1/newswave/wp-includes/js/dist/priority-queue.minc7db.js]
[127.0.0.1/newswave/wp-includes/js/dist/compose.min3ffd.js]
[127.0.0.1/newswave/wp-includes/js/dist/private-apis.min0e58.js]
[127.0.0.1/newswave/wp-includes/js/dist/redux-routine.mineef5.js]
[127.0.0.1/newswave/wp-includes/js/dist/data.min1020.js]
[127.0.0.1/newswave/wp-includes/js/dist/vendor/lodash.mind1d1.js]
[127.0.0.1/newswave/wp-includes/js/dist/vendor/wp-polyfill.min2c7c.js]
[127.0.0.1/newswave/wp-content/plugins/woocommerce/assets/client/blocks/wc-blocks-registry8d1b.js]
[127.0.0.1/newswave/wp-includes/js/dist/url.mind2d7.js]
[127.0.0.1/newswave/wp-includes/js/dist/api-fetch.min803c.js]
[127.0.0.1/newswave/wp-admin/admin-ajaxf809.html]
[127.0.0.1/newswave/wp-content/plugins/woocommerce/assets/client/blocks/wc-settings8edc.js]
[127.0.0.1/newswave/wp-includes/js/dist/data-controls.min01e0.js]
[127.0.0.1/newswave/wp-includes/js/dist/html-entities.min5b55.js]
[127.0.0.1/newswave/wp-includes/js/dist/notices.minfe2f.js]
[127.0.0.1/newswave/wp-content/plugins/woocommerce/assets/client/blocks/wc-blocks-middlewarece2b.js]
[127.0.0.1/newswave/wp-content/plugins/woocommerce/assets/client/blocks/wc-blocks-data997f.js]
[127.0.0.1/newswave/wp-includes/js/dist/dom-ready.min5346.js]
[127.0.0.1/newswave/wp-includes/js/dist/a11y.mine810.js]
[127.0.0.1/newswave/wp-includes/js/dist/primitives.min4e94.js]
[127.0.0.1/newswave/wp-includes/js/dist/warning.min85d7.js]
[127.0.0.1/newswave/wp-content/plugins/woocommerce/assets/client/blocks/blocks-componentsf69d.js]
[127.0.0.1/newswave/wp-content/plugins/woocommerce/assets/client/blocks/blocks-checkout297b.js]
[127.0.0.1/newswave/wp-content/plugins/woocommerce/assets/js/frontend/order-attribution-blocks.min055d.js]
[127.0.0.1/newswave/wp-content/themes/wavepress/js/navigation8a54.js]
[127.0.0.1/newswave/wp-content/plugins/sassy-social-share/public/js/sassy-social-share-public0110.js]
[127.0.0.1/newswave/wp-content/plugins/elementor/assets/js/webpack.runtime.min5be5.js]
[127.0.0.1/newswave/wp-content/plugins/elementor/assets/js/frontend-modules.min5be5.js]
[127.0.0.1/newswave/wp-includes/js/jquery/ui/core.minb37e.js]
[127.0.0.1/newswave/wp-content/plugins/elementor/assets/js/frontend.min5be5.js]
[127.0.0.1/newswave/wp-content/themes/wavepress/widgets/slideshow/js/frontend0660.js]
[127.0.0.1/newswave/wp-content/themes/wavepress/widgets/carousel_1/js/frontend0660.js]
[127.0.0.1/newswave/wp-content/themes/wavepress/widgets/carousel_2/js/frontend0660.js]
[127.0.0.1/newswave/wp-includes/js/hoverIntent.min3e5a.js]
[127.0.0.1/newswave/wp-content/plugins/megamenu/js/maxmegamenu6de8.js]
[gmpg.org/xfn/default.css]
[127.0.0.1/newswave/wp-includes/css/buttons.min0660.css]
[127.0.0.1/newswave/wp-admin/images/loading.gif]
[127.0.0.1/newswave/wp-admin/css/forms.min0660.css]
[127.0.0.1/newswave/wp-admin/css/l10n.min0660.css]
[127.0.0.1/newswave/wp-admin/images/w-logo-blue7a53.png]
[127.0.0.1/newswave/wp-admin/css/login.min0660.css]
[127.0.0.1/newswave/account/lost-password/index.html]
[127.0.0.1/newswave/wp-includes/js/zxcvbn-async.min5152.js]
[127.0.0.1/newswave/wp-admin/js/password-strength-meter.min0660.js]
[127.0.0.1/newswave/wp-includes/js/underscore.mind584.js]
[127.0.0.1/newswave/wp-includes/js/wp-util.min0660.js]
[127.0.0.1/newswave/wp-admin/js/user-profile.min0660.js]
[127.0.0.1/newswave/wp-includes/css/dist/block-library/style.min0660.css]
[127.0.0.1/newswave/wp-content/plugins/buddypress/bp-templates/bp-nouveau/css/bp-tooltips.minf312.css]
[127.0.0.1/newswave/wp-content/plugins/buddypress/bp-templates/bp-nouveau/css/buddypress.minf312.css]
[127.0.0.1/newswave/wp-content/plugins/buddypress/bp-templates/bp-nouveau/css/priority-nav.minf312.css]
[127.0.0.1/newswave/wp-content/plugins/buddypress/bp-core/js/jquery-query.minf312.js]
[127.0.0.1/newswave/wp-content/plugins/buddypress/bp-core/js/vendor/jquery-cookie.minf312.js]
[127.0.0.1/newswave/wp-content/plugins/buddypress/bp-core/js/vendor/jquery-scroll-to.minf312.js]
[127.0.0.1/newswave/wp-includes/js/dist/vendor/moment.min1bc8.js]
[127.0.0.1/newswave/wp-content/plugins/buddypress/bp-core/js/vendor/livestamp.minf312.js]
[127.0.0.1/newswave/wp-content/plugins/buddypress/bp-templates/bp-nouveau/js/buddypress-nouveau.minf312.js]
[127.0.0.1/newswave/wp-content/plugins/buddypress/bp-templates/bp-nouveau/js/buddypress-xprofile.minf312.js]
[127.0.0.1/newswave/wp-content/plugins/woocommerce/assets/css/photoswipe/default-skin/default-skin.png]
[127.0.0.1/newswave/wp-content/plugins/woocommerce/assets/css/photoswipe/photoswipe.min055d.css]
[127.0.0.1/newswave/wp-content/plugins/woocommerce/assets/css/photoswipe/default-skin/preloader.gif]
[127.0.0.1/newswave/wp-content/plugins/woocommerce/assets/css/photoswipe/default-skin/default-skin.min055d.css]
[127.0.0.1/newswave/wp-content/plugins/woocommerce/assets/js/zoom/jquery.zoom.min87ed.js]
[127.0.0.1/newswave/wp-content/plugins/woocommerce/assets/js/flexslider/jquery.flexslider.minc0b7.js]
[127.0.0.1/newswave/wp-content/plugins/woocommerce/assets/js/photoswipe/photoswipe.minae7b.js]
[127.0.0.1/newswave/wp-content/plugins/woocommerce/assets/js/photoswipe/photoswipe-ui-default.minae7b.js]
[127.0.0.1/newswave/wp-content/plugins/woocommerce/assets/js/frontend/single-product.min055d.js]
[127.0.0.1/newswave/product/sunglasses/indexb272.html]
[127.0.0.1/newswave/product/sunglasses/index5cbb.html]
[127.0.0.1/newswave/product/sunglasses/index72a9.html]
[127.0.0.1/newswave/wp-includes/js/comment-reply.min0660.js]
[127.0.0.1/newswave/index7681.html]
[127.0.0.1/newswave/product/cap/indexb5aa.html]
[127.0.0.1/newswave/index994c.html]
[127.0.0.1/newswave/product/beanie/index5cbb.html]
[127.0.0.1/newswave/phasellus-auctor-vestibulum-mauris/index.html]
[127.0.0.1/newswave/odio-sit-at-eu-vel-consectetur/index.html]
[127.0.0.1/newswave/index9732.html]
[127.0.0.1/newswave/tincidunt-ultrices-nunc-donec-semper-augue-ornare/_wp_link_placeholder.html]
[127.0.0.1/newswave/wp-content/plugins/shared-counts/assets/css/shared-counts.min91ce.css]
[127.0.0.1/newswave/wp-content/plugins/shared-counts/assets/js/shared-counts.min91ce.js]
[127.0.0.1/newswave/habitant-tellus-aliquam-nec-proin-tempor-ut-tristique-enim-quis-suscipit-dui/index.html]
[127.0.0.1/newswave/mollis-sit-enim-fermentum-cum-purus-quis-scelerisque-ac/index.html]
[127.0.0.1/newswave/non-commodo-vestibulum-nisl-velit-justo-in-nec-dignissim-pharetra/index.html]
[127.0.0.1/newswave/index8b41.html]
[127.0.0.1/newswave/index952b.html]
[127.0.0.1/newswave/index45eb.html]
[127.0.0.1/newswave/indexdc05.html]
[127.0.0.1/newswave/wp-content/uploads/elementor/css/post-2781b8ab.css]
[127.0.0.1/newswave/index905b.html]
[127.0.0.1/newswave/indexb8c4.html]
[127.0.0.1/newswave/wp-content/uploads/elementor/css/post-1937f11.css]
[127.0.0.1/newswave/index5070.html]
[127.0.0.1/newswave/sed-finibus-felis-morbi-sed-dui-vehicula/index.html]
[127.0.0.1/newswave/wp-content/uploads/elementor/css/post-18066671.css]
[127.0.0.1/newswave/index3492.html]
[127.0.0.1/newswave/indexcb44.html]
[127.0.0.1/newswave/index8df3.html]
[127.0.0.1/newswave/index881d.html]
[127.0.0.1/newswave/index03aa.html]
[127.0.0.1/newswave/index7a6c.html]
[127.0.0.1/newswave/index762b.html]
[127.0.0.1/newswave/index7737.html]
[127.0.0.1/newswave/index9751.html]
[127.0.0.1/newswave/index1c00.html]
[127.0.0.1/newswave/index0bc1.html]
[127.0.0.1/newswave/index59f6.html]
[127.0.0.1/newswave/indexc630.html]
[127.0.0.1/newswave/indexb4ea.html]
[127.0.0.1/newswave/fringilla-dapibus-neque-sed-malesuada/index.html]
[127.0.0.1/newswave/sem-et-tempus-finibus-mauris-leo-dictum-quam/index.html]
[127.0.0.1/newswave/wp-content/uploads/elementor/css/post-212ccd8.css]
[127.0.0.1/newswave/index4e02.html]
[127.0.0.1/newswave/index20df.html]
[127.0.0.1/newswave/tag/travel/index.html]
[127.0.0.1/newswave/indexb62e.html]
[127.0.0.1/newswave/index53f0.html]
[127.0.0.1/newswave/index70ff.html]
[127.0.0.1/newswave/product/t-shirt/index19b9.html]
[127.0.0.1/newswave/product/t-shirt/index9c39.html]
[127.0.0.1/newswave/product/t-shirt/index2625.html]
[127.0.0.1/newswave/metus-eu-tellus-bibendum-placerat-volutpat/index.html]
[127.0.0.1/newswave/platea-vulputate-tellus-et-faucibus-ullamcorper-nunc-risus-mauris-montes/index.html]
[127.0.0.1/newswave/cras-imperdiet-faucibus-cursus-nisl-massa-dictum-neque-nunc-id-elit-ac/index.html]
[127.0.0.1/newswave/eu-lectus-turpis-eleifend-porta-nascetur-justo-elementum-quis/index.html]
[127.0.0.1/newswave/et-imperdiet-nunc-sed-dui-sed-aliquet/index.html]
[127.0.0.1/newswave/semper-malesuada-viverra-dictum-id-lorem-ut-ornare-elementum-aliquam/index.html]
[127.0.0.1/newswave/arcu-tincidunt-arcu-et-nullam-ullamcorper-in-scelerisque-a-id/index.html]
[127.0.0.1/newswave/indexf351.html]
[127.0.0.1/newswave/wp-content/plugins/woocommerce/assets/css/select2055d.css]
[127.0.0.1/newswave/wp-content/plugins/woocommerce/assets/js/selectWoo/selectWoo.full.min2eb7.js]
[127.0.0.1/newswave/wp-content/plugins/woocommerce/assets/js/frontend/password-strength-meter.min055d.js]
[127.0.0.1/newswave/wp-content/plugins/woocommerce/assets/js/frontend/lost-password.min055d.js]
[127.0.0.1/newswave/wp-content/plugins/woocommerce/assets/js/frontend/country-select.min055d.js]
[127.0.0.1/newswave/wp-content/plugins/woocommerce/assets/js/frontend/address-i18n.min055d.js]
[127.0.0.1/newswave/wp-content/plugins/woocommerce/assets/js/frontend/cart.min055d.js]
[127.0.0.1/newswave/wp-content/plugins/elementor/assets/css/widget-image.min5be5.css]
[127.0.0.1/newswave/wp-content/plugins/elementor/assets/css/widget-testimonial.min5be5.css]
[127.0.0.1/newswave/wp-content/plugins/elementor/assets/css/widget-video.min5be5.css]
[127.0.0.1/newswave/wp-content/uploads/elementor/css/post-917d0c2.css]
[127.0.0.1/newswave/shop-2/indexa6e9.html]
[127.0.0.1/newswave/shop-2/index6f92.html]
[127.0.0.1/newswave/shop-2/index2f68.html]
[127.0.0.1/newswave/shop-2/index7347.html]
[127.0.0.1/newswave/shop-2/index5ebd.html]
[127.0.0.1/newswave/shop-2/index5cbb.html]
[127.0.0.1/newswave/shop-2/page/2/index.html]
[127.0.0.1/newswave/product-category/clothing/accessories/indexb272.html]
[127.0.0.1/newswave/index2735.html]
[127.0.0.1/newswave/product/beanie-with-logo/indexb272.html]
[127.0.0.1/newswave/index26b0.html]
[127.0.0.1/newswave/indexe467.html]
[127.0.0.1/newswave/index3eda.html]
[127.0.0.1/newswave/index0d13.html]
[127.0.0.1/newswave/index630b.html]
[127.0.0.1/newswave/index0bc9.html]
[127.0.0.1/newswave/index6100.html]
[127.0.0.1/newswave/index7c58.html]
[127.0.0.1/newswave/index86fa.html]
[127.0.0.1/newswave/indexd7d8.html]
[127.0.0.1/newswave/index9646.html]
[127.0.0.1/newswave/indexe9c6.html]
[127.0.0.1/newswave/index9c49.html]
[127.0.0.1/newswave/product-category/clothing/tshirts/indexa6e9.html]
[127.0.0.1/newswave/indexa317.html]
[127.0.0.1/newswave/product/v-neck-t-shirt/indexa6e9.html]
[127.0.0.1/newswave/wp-content/plugins/woocommerce/assets/js/frontend/add-to-cart-variation.min055d.js]
[127.0.0.1/newswave/indexc7c9.html]
[127.0.0.1/newswave/product/t-shirt-with-logo/index9c39.html]
[127.0.0.1/newswave/indexb766.html]
[127.0.0.1/newswave/product/polo/index19b9.html]
[127.0.0.1/newswave/index327d.html]
[127.0.0.1/newswave/product/long-sleeve-tee/index9c39.html]
[127.0.0.1/newswave/indexa6f0.html]
[127.0.0.1/newswave/index44d6.html]
[127.0.0.1/newswave/index676b.html]
[127.0.0.1/newswave/index4e88.html]
[127.0.0.1/newswave/index67b4.html]
[127.0.0.1/newswave/indexce54.html]
[127.0.0.1/newswave/index09e5.html]
[127.0.0.1/newswave/indexc0e8.html]
[127.0.0.1/newswave/indexc547.html]
[127.0.0.1/newswave/indexc30e.html]
[127.0.0.1/newswave/product-category/decor/index.html]
[127.0.0.1/newswave/indexc17f.html]
[127.0.0.1/newswave/product-category/clothing/hoodies/index.html]
[127.0.0.1/newswave/index9fb4.html]
[127.0.0.1/newswave/product/hoodie-with-zipper/index6f92.html]
[127.0.0.1/newswave/index4c5b.html]
[127.0.0.1/newswave/product-category/music/index.html]
[127.0.0.1/newswave/indexc141.html]
[127.0.0.1/newswave/index0314.html]
[127.0.0.1/newswave/product/hoodie/index6f92.html]
[127.0.0.1/newswave/wp-content/plugins/woocommerce/assets/js/frontend/checkout.min055d.js]
[127.0.0.1/newswave/index1723.html]
[127.0.0.1/newswave/index1a78.html]
[127.0.0.1/newswave/indexfd6e.html]
[127.0.0.1/newswave/members/admin/activity/index.html]
[127.0.0.1/newswave/wp-content/plugins/buddypress/bp-templates/bp-nouveau/js/buddypress-activity.minf312.js]
[127.0.0.1/newswave/indexd52d.html]
[127.0.0.1/newswave/card/index652a.html]
[127.0.0.1/newswave/product-category/clothing/hoodies/index6f92.html]
[127.0.0.1/newswave/index4b2e.html]
[127.0.0.1/newswave/product/album/index5ebd.html]
[127.0.0.1/newswave/card/index05ff.html]
[127.0.0.1/newswave/card/index455a.html]
[127.0.0.1/newswave/product/t-shirt/indexaafe.html]
[127.0.0.1/newswave/wp-content/themes/wavepress/widgets/grid_1/css/common.css]
[127.0.0.1/newswave/wp-content/themes/wavepress/widgets/grid_1/css/desktop.html]
[127.0.0.1/newswave/wp-content/themes/wavepress/widgets/grid_1/css/tablet.css]
[127.0.0.1/newswave/wp-content/themes/wavepress/widgets/grid_1/css/mobile.css]
[127.0.0.1/newswave/wp-content/themes/wavepress/widgets/youtube_video/css/common.css]
[127.0.0.1/newswave/wp-content/themes/wavepress/widgets/youtube_video/css/desktop.html]
[127.0.0.1/newswave/wp-content/themes/wavepress/widgets/youtube_video/css/tablet.css]
[127.0.0.1/newswave/wp-content/themes/wavepress/widgets/youtube_video/css/mobile.css]
[127.0.0.1/newswave/wp-content/themes/wavepress/widgets/youtube_playlist/css/common.css]
[127.0.0.1/newswave/wp-content/themes/wavepress/widgets/youtube_playlist/css/desktop.html]
[127.0.0.1/newswave/wp-content/themes/wavepress/widgets/youtube_playlist/css/tablet.css]
[127.0.0.1/newswave/wp-content/themes/wavepress/widgets/youtube_playlist/css/mobile.css]
[127.0.0.1/newswave/wp-content/plugins/woocommerce/assets/fonts/star.html]
[127.0.0.1/newswave/wp-content/plugins/woocommerce/assets/fonts/stard41d.html]
[127.0.0.1/newswave/wp-content/plugins/woocommerce/assets/fonts/star-2.html]
[127.0.0.1/newswave/wp-content/plugins/woocommerce/assets/fonts/star-3.html]
[127.0.0.1/newswave/wp-content/plugins/woocommerce/assets/fonts/star.svg]
[127.0.0.1/newswave/wp-content/plugins/woocommerce/assets/fonts/WooCommerce.html]
[127.0.0.1/newswave/wp-content/plugins/woocommerce/assets/fonts/WooCommerced41d.html]
[127.0.0.1/newswave/wp-content/plugins/woocommerce/assets/fonts/WooCommerce-2.html]
[127.0.0.1/newswave/wp-content/plugins/woocommerce/assets/fonts/WooCommerce-3.html]
[127.0.0.1/newswave/wp-content/plugins/woocommerce/assets/fonts/WooCommerce.svg]
[127.0.0.1/newswave/wp-content/plugins/woocommerce/assets/images/icons/loader.svg]
[127.0.0.1/newswave/wp-content/plugins/woocommerce/assets/images/icons/credit-cards/visa.svg]
[127.0.0.1/newswave/wp-content/plugins/woocommerce/assets/images/icons/credit-cards/mastercard.svg]
[127.0.0.1/newswave/wp-content/plugins/woocommerce/assets/images/icons/credit-cards/laser.svg]
[127.0.0.1/newswave/wp-content/plugins/woocommerce/assets/images/icons/credit-cards/diners.svg]
[127.0.0.1/newswave/wp-content/plugins/woocommerce/assets/images/icons/credit-cards/maestro.svg]
[127.0.0.1/newswave/wp-content/plugins/woocommerce/assets/images/icons/credit-cards/jcb.svg]
[127.0.0.1/newswave/wp-content/plugins/woocommerce/assets/images/icons/credit-cards/amex.svg]
[127.0.0.1/newswave/wp-content/plugins/woocommerce/assets/images/icons/credit-cards/discover.svg]
[127.0.0.1/newswave/wp-includes/fonts/dashicons7d4b.html]
[127.0.0.1/newswave/wp-includes/fonts/dashicons7d4b-2.html]
[127.0.0.1/newswave/wp-content/themes/wavepress/images/play-icon.html]
[127.0.0.1/newswave/wp-content/themes/wavepress/css/images/loader-128x/preloader_3.html]
[127.0.0.1/newswave/wp-content/themes/wavepress/css/owl_carousel/owl.video.play.html]
[127.0.0.1/newswave/wp-content/themes/wavepress/css/font-awesome/6.5.1/webfonts/fa-brands-400.html]
[127.0.0.1/newswave/wp-content/themes/wavepress/css/font-awesome/6.5.1/webfonts/fa-brands-401.html]
[127.0.0.1/newswave/wp-content/themes/wavepress/css/font-awesome/6.5.1/webfonts/fa-regular-400.html]
[127.0.0.1/newswave/wp-content/themes/wavepress/css/font-awesome/6.5.1/webfonts/fa-regular-401.html]
[127.0.0.1/newswave/wp-content/themes/wavepress/css/font-awesome/6.5.1/webfonts/fa-solid-900.html]
[127.0.0.1/newswave/wp-content/themes/wavepress/css/font-awesome/6.5.1/webfonts/fa-solid-901.html]
[127.0.0.1/newswave/wp-content/themes/wavepress/css/font-awesome/6.5.1/webfonts/fa-v4compatibility.html]
[127.0.0.1/newswave/wp-content/themes/wavepress/css/font-awesome/6.5.1/webfonts/fa-v4compatibility-2.html]
[127.0.0.1/newswave/wp-content/plugins/elementor/assets/lib/eicons/fonts/eiconse34b.html]
[127.0.0.1/newswave/wp-content/plugins/elementor/assets/lib/eicons/fonts/eiconse34b-2.html]
[127.0.0.1/newswave/wp-content/plugins/elementor/assets/lib/eicons/fonts/eiconse34b-3.html]
[127.0.0.1/newswave/wp-content/plugins/elementor/assets/lib/eicons/fonts/eiconse34b-4.html]
[127.0.0.1/newswave/wp-content/plugins/elementor/assets/lib/eicons/fonts/eiconse34b.svg]
[127.0.0.1/newswave/wp-content/themes/wavepress/widgets/Video_grid/js/frontend0660.html]
[127.0.0.1/newswave/popper.html]
[127.0.0.1/newswave/indexbc81.html]
[127.0.0.1/newswave/css/themes/pill777d.html]
[127.0.0.1/newswave/css/themes/link777d.html]
[127.0.0.1/newswave/css/themes/image777d.html]
[127.0.0.1/newswave/css/themes/tab777d.html]
[127.0.0.1/newswave/sed-dapibus-eros-sed-efficitur-suscipit-turpis-purus/index.html]
[127.0.0.1/newswave/duis-finibus-congue-est-et-porttitor-purus-mattis-id/index.html]
[127.0.0.1/newswave/aliquam-in-odio-ultrices-libero-lacinia-sagittis-vel/index.html]
[127.0.0.1/newswave/category/sport/basketball/index.html]
[127.0.0.1/newswave/$&/index.html]
[127.0.0.1/newswave/elementor-3614/index.html]
[127.0.0.1/newswave/OPR/index.html]
[127.0.0.1/newswave/wp-admin/images/wordpress-logo7d6b.svg]
[127.0.0.1/newswave/wp-content/plugins/woocommerce/assets/css/photoswipe/default-skin/default-skin.svg]
[127.0.0.1/newswave/diam-massa-ornare-eget-augue-interdum-quis/index.html]
[127.0.0.1/newswave/product/hoodie-with-logo/index.html]
[127.0.0.1/newswave/product/belt/_br/__b_Deprecated_/b__  ltrim()_ Passing null to parameter.html]
[127.0.0.1/newswave/tag/fashion/index.html]
[127.0.0.1/newswave/wp-content/uploads/elementor/css/post-3614d2f9.css]
[127.0.0.1/newswave/index51ca.html]
